--------------------------------------------------------------------------------
Release 14.6 Trace  (nt)
Copyright (c) 1995-2013 Xilinx, Inc.  All rights reserved.

C:\Xilinx\14.6\ISE_DS\ISE\bin\nt\unwrapped\trce.exe -intstyle ise -v 3 -s 2 -n
3 -fastpaths -xml uart_verification.twx uart_verification.ncd -o
uart_verification.twr uart_verification.pcf -ucf uart_pins.ucf

Design file:              uart_verification.ncd
Physical constraint file: uart_verification.pcf
Device,package,speed:     xc6slx45,fgg676,C,-2 (PRODUCTION 1.23 2013-06-08)
Report level:             verbose report

Environment Variable      Effect 
--------------------      ------ 
NONE                      No environment variables were set
--------------------------------------------------------------------------------

INFO:Timing:2698 - No timing constraints found, doing default enumeration.
INFO:Timing:3412 - To improve timing, see the Timing Closure User Guide (UG612).
INFO:Timing:2752 - To get complete path coverage, use the unconstrained paths 
   option. All paths that are not constrained will be reported in the 
   unconstrained paths section(s) of the report.
INFO:Timing:3339 - The clock-to-out numbers in this timing report are based on 
   a 50 Ohm transmission line loading model.  For the details of this model, 
   and for more information on accounting for different loading conditions, 
   please see the device datasheet.



Data Sheet report:
-----------------
All values displayed in nanoseconds (ns)

Setup/Hold to clock iCLK
------------+------------+------------+------------+------------+------------------+--------+
            |Max Setup to|  Process   |Max Hold to |  Process   |                  | Clock  |
Source      | clk (edge) |   Corner   | clk (edge) |   Corner   |Internal Clock(s) | Phase  |
------------+------------+------------+------------+------------+------------------+--------+
iRX         |    3.153(R)|      SLOW  |   -1.518(R)|      FAST  |iCLK_BUFGP        |   0.000|
iSW_DATA<0> |    4.824(R)|      SLOW  |   -1.450(R)|      FAST  |iCLK_BUFGP        |   0.000|
iSW_DATA<1> |    4.225(R)|      SLOW  |    0.742(R)|      SLOW  |iCLK_BUFGP        |   0.000|
iSW_DATA<2> |    4.804(R)|      SLOW  |   -1.568(R)|      FAST  |iCLK_BUFGP        |   0.000|
iSW_DATA<3> |    2.942(R)|      SLOW  |    0.488(R)|      SLOW  |iCLK_BUFGP        |   0.000|
iSW_DATA<4> |    6.304(R)|      SLOW  |   -1.057(R)|      SLOW  |iCLK_BUFGP        |   0.000|
iSW_DATA<5> |    3.365(R)|      SLOW  |   -0.517(R)|      SLOW  |iCLK_BUFGP        |   0.000|
iSW_DATA<6> |    2.768(R)|      SLOW  |   -0.237(R)|      SLOW  |iCLK_BUFGP        |   0.000|
iSW_DATA<7> |    6.073(R)|      SLOW  |   -1.361(R)|      FAST  |iCLK_BUFGP        |   0.000|
inREAD      |    3.949(R)|      SLOW  |   -2.066(R)|      FAST  |iCLK_BUFGP        |   0.000|
inRST       |   14.035(R)|      SLOW  |    0.090(R)|      SLOW  |iCLK_BUFGP        |   0.000|
inWRITE     |    4.583(R)|      SLOW  |   -2.450(R)|      FAST  |iCLK_BUFGP        |   0.000|
------------+------------+------------+------------+------------+------------------+--------+

Clock iCLK to Pad
------------+-----------------+------------+-----------------+------------+------------------+--------+
            |Max (slowest) clk|  Process   |Min (fastest) clk|  Process   |                  | Clock  |
Destination |  (edge) to PAD  |   Corner   |  (edge) to PAD  |   Corner   |Internal Clock(s) | Phase  |
------------+-----------------+------------+-----------------+------------+------------------+--------+
oLED_DATA<0>|         9.142(R)|      SLOW  |         3.623(R)|      FAST  |iCLK_BUFGP        |   0.000|
oLED_DATA<1>|        10.495(R)|      SLOW  |         4.382(R)|      FAST  |iCLK_BUFGP        |   0.000|
oLED_DATA<2>|        10.041(R)|      SLOW  |         4.119(R)|      FAST  |iCLK_BUFGP        |   0.000|
oLED_DATA<3>|         9.282(R)|      SLOW  |         3.689(R)|      FAST  |iCLK_BUFGP        |   0.000|
oLED_DATA<4>|         9.132(R)|      SLOW  |         3.620(R)|      FAST  |iCLK_BUFGP        |   0.000|
oLED_DATA<5>|        10.018(R)|      SLOW  |         4.089(R)|      FAST  |iCLK_BUFGP        |   0.000|
oLED_DATA<6>|        10.290(R)|      SLOW  |         4.263(R)|      FAST  |iCLK_BUFGP        |   0.000|
oLED_DATA<7>|        10.498(R)|      SLOW  |         4.353(R)|      FAST  |iCLK_BUFGP        |   0.000|
oTX         |        16.926(R)|      SLOW  |         6.359(R)|      FAST  |iCLK_BUFGP        |   0.000|
------------+-----------------+------------+-----------------+------------+------------------+--------+

Clock to Setup on destination clock iCLK
---------------+---------+---------+---------+---------+
               | Src:Rise| Src:Fall| Src:Rise| Src:Fall|
Source Clock   |Dest:Rise|Dest:Rise|Dest:Fall|Dest:Fall|
---------------+---------+---------+---------+---------+
iCLK           |    6.079|         |         |         |
---------------+---------+---------+---------+---------+


Analysis completed Wed Apr 18 17:13:41 2018 
--------------------------------------------------------------------------------

Trace Settings:
-------------------------
Trace Settings 

Peak Memory Usage: 246 MB



