--------------------------------------------------------------------------------
Release 14.6 Trace  (nt)
Copyright (c) 1995-2013 Xilinx, Inc.  All rights reserved.

C:\Xilinx\14.6\ISE_DS\ISE\bin\nt\unwrapped\trce.exe -intstyle ise -v 3 -s 2 -n
3 -fastpaths -xml uart_verification_return.twx uart_verification_return.ncd -o
uart_verification_return.twr uart_verification_return.pcf -ucf uart_pins.ucf

Design file:              uart_verification_return.ncd
Physical constraint file: uart_verification_return.pcf
Device,package,speed:     xc6slx45,fgg676,C,-2 (PRODUCTION 1.23 2013-06-08)
Report level:             verbose report

Environment Variable      Effect 
--------------------      ------ 
NONE                      No environment variables were set
--------------------------------------------------------------------------------

INFO:Timing:2698 - No timing constraints found, doing default enumeration.
INFO:Timing:3412 - To improve timing, see the Timing Closure User Guide (UG612).
INFO:Timing:2752 - To get complete path coverage, use the unconstrained paths 
   option. All paths that are not constrained will be reported in the 
   unconstrained paths section(s) of the report.
INFO:Timing:3339 - The clock-to-out numbers in this timing report are based on 
   a 50 Ohm transmission line loading model.  For the details of this model, 
   and for more information on accounting for different loading conditions, 
   please see the device datasheet.



Data Sheet report:
-----------------
All values displayed in nanoseconds (ns)

Setup/Hold to clock iCLK
------------+------------+------------+------------+------------+------------------+--------+
            |Max Setup to|  Process   |Max Hold to |  Process   |                  | Clock  |
Source      | clk (edge) |   Corner   | clk (edge) |   Corner   |Internal Clock(s) | Phase  |
------------+------------+------------+------------+------------+------------------+--------+
iBAUD_SW<0> |    4.328(R)|      SLOW  |   -1.904(R)|      FAST  |iCLK_BUFGP        |   0.000|
iBAUD_SW<1> |    2.281(R)|      SLOW  |   -0.343(R)|      SLOW  |iCLK_BUFGP        |   0.000|
iRX         |    4.812(R)|      SLOW  |   -1.810(R)|      FAST  |iCLK_BUFGP        |   0.000|
inRST       |   10.983(R)|      SLOW  |   -1.827(R)|      FAST  |iCLK_BUFGP        |   0.000|
------------+------------+------------+------------+------------+------------------+--------+

Clock iCLK to Pad
------------+-----------------+------------+-----------------+------------+------------------+--------+
            |Max (slowest) clk|  Process   |Min (fastest) clk|  Process   |                  | Clock  |
Destination |  (edge) to PAD  |   Corner   |  (edge) to PAD  |   Corner   |Internal Clock(s) | Phase  |
------------+-----------------+------------+-----------------+------------+------------------+--------+
oLED_DATA<0>|        10.200(R)|      SLOW  |         4.327(R)|      FAST  |iCLK_BUFGP        |   0.000|
oLED_DATA<1>|        11.308(R)|      SLOW  |         4.938(R)|      FAST  |iCLK_BUFGP        |   0.000|
oLED_DATA<2>|        11.187(R)|      SLOW  |         4.873(R)|      FAST  |iCLK_BUFGP        |   0.000|
oLED_DATA<3>|        10.553(R)|      SLOW  |         4.516(R)|      FAST  |iCLK_BUFGP        |   0.000|
oLED_DATA<4>|        10.297(R)|      SLOW  |         4.371(R)|      FAST  |iCLK_BUFGP        |   0.000|
oLED_DATA<5>|        11.066(R)|      SLOW  |         4.791(R)|      FAST  |iCLK_BUFGP        |   0.000|
oLED_DATA<6>|        11.306(R)|      SLOW  |         4.923(R)|      FAST  |iCLK_BUFGP        |   0.000|
oLED_DATA<7>|        11.709(R)|      SLOW  |         5.158(R)|      FAST  |iCLK_BUFGP        |   0.000|
oTX         |        14.637(R)|      SLOW  |         5.825(R)|      FAST  |iCLK_BUFGP        |   0.000|
------------+-----------------+------------+-----------------+------------+------------------+--------+

Clock to Setup on destination clock iCLK
---------------+---------+---------+---------+---------+
               | Src:Rise| Src:Fall| Src:Rise| Src:Fall|
Source Clock   |Dest:Rise|Dest:Rise|Dest:Fall|Dest:Fall|
---------------+---------+---------+---------+---------+
iCLK           |    6.017|         |         |         |
---------------+---------+---------+---------+---------+


Analysis completed Tue Apr 24 15:43:31 2018 
--------------------------------------------------------------------------------

Trace Settings:
-------------------------
Trace Settings 

Peak Memory Usage: 246 MB



