Release 14.6 - xst P.68d (nt)
Copyright (c) 1995-2013 Xilinx, Inc.  All rights reserved.
--> Parameter TMPDIR set to xst/projnav.tmp


Total REAL time to Xst completion: 0.00 secs
Total CPU time to Xst completion: 0.09 secs
 
--> Parameter xsthdpdir set to xst


Total REAL time to Xst completion: 0.00 secs
Total CPU time to Xst completion: 0.09 secs
 
--> Reading design: uart_verification_return.prj

TABLE OF CONTENTS
  1) Synthesis Options Summary
  2) HDL Parsing
  3) HDL Elaboration
  4) HDL Synthesis
       4.1) HDL Synthesis Report
  5) Advanced HDL Synthesis
       5.1) Advanced HDL Synthesis Report
  6) Low Level Synthesis
  7) Partition Report
  8) Design Summary
       8.1) Primitive and Black Box Usage
       8.2) Device utilization summary
       8.3) Partition Resource Summary
       8.4) Timing Report
            8.4.1) Clock Information
            8.4.2) Asynchronous Control Signals Information
            8.4.3) Timing Summary
            8.4.4) Timing Details
            8.4.5) Cross Clock Domains Report


=========================================================================
*                      Synthesis Options Summary                        *
=========================================================================
---- Source Parameters
Input File Name                    : "uart_verification_return.prj"
Ignore Synthesis Constraint File   : NO

---- Target Parameters
Output File Name                   : "uart_verification_return"
Output Format                      : NGC
Target Device                      : xc6slx45-2-fgg676

---- Source Options
Top Module Name                    : uart_verification_return
Automatic FSM Extraction           : YES
FSM Encoding Algorithm             : Auto
Safe Implementation                : No
FSM Style                          : LUT
RAM Extraction                     : Yes
RAM Style                          : Auto
ROM Extraction                     : Yes
Shift Register Extraction          : YES
ROM Style                          : Auto
Resource Sharing                   : YES
Asynchronous To Synchronous        : NO
Shift Register Minimum Size        : 2
Use DSP Block                      : Auto
Automatic Register Balancing       : No

---- Target Options
LUT Combining                      : Auto
Reduce Control Sets                : Auto
Add IO Buffers                     : YES
Global Maximum Fanout              : 100000
Add Generic Clock Buffer(BUFG)     : 16
Register Duplication               : YES
Optimize Instantiated Primitives   : NO
Use Clock Enable                   : Auto
Use Synchronous Set                : Auto
Use Synchronous Reset              : Auto
Pack IO Registers into IOBs        : Auto
Equivalent register Removal        : YES

---- General Options
Optimization Goal                  : Speed
Optimization Effort                : 1
Power Reduction                    : NO
Keep Hierarchy                     : No
Netlist Hierarchy                  : As_Optimized
RTL Output                         : Yes
Global Optimization                : AllClockNets
Read Cores                         : YES
Write Timing Constraints           : NO
Cross Clock Analysis               : NO
Hierarchy Separator                : /
Bus Delimiter                      : <>
Case Specifier                     : Maintain
Slice Utilization Ratio            : 100
BRAM Utilization Ratio             : 100
DSP48 Utilization Ratio            : 100
Auto BRAM Packing                  : NO
Slice Utilization Ratio Delta      : 5

=========================================================================


=========================================================================
*                          HDL Parsing                                  *
=========================================================================
Parsing VHDL file "D:\BSc_workspace\Bachelor_work\UART_communication\uart_components.vhd" into library work
Parsing package <uart_components>.
Parsing VHDL file "D:\BSc_workspace\Bachelor_work\UART_communication\transmitter.vhd" into library work
Parsing entity <transmitter>.
Parsing architecture <Behavioral> of entity <transmitter>.
Parsing VHDL file "D:\BSc_workspace\Bachelor_work\UART_communication\reciver.vhd" into library work
Parsing entity <reciver>.
Parsing architecture <Behavioral> of entity <reciver>.
Parsing VHDL file "D:\BSc_workspace\Bachelor_work\UART_communication\fifo.vhd" into library work
Parsing entity <fifo>.
Parsing architecture <Behavioral> of entity <fifo>.
Parsing VHDL file "D:\BSc_workspace\Bachelor_work\UART_communication\baud_freq_div.vhd" into library work
Parsing entity <baud_freq_div>.
Parsing architecture <Behavioral> of entity <baud_freq_div>.
Parsing VHDL file "D:\BSc_workspace\Bachelor_work\UART_communication\uart.vhd" into library work
Parsing entity <uart>.
Parsing architecture <Behavioral> of entity <uart>.
Parsing VHDL file "D:\BSc_workspace\Bachelor_work\UART_communication\uart_verification_return.vhd" into library work
Parsing entity <uart_verification_return>.
Parsing architecture <Behavioral> of entity <uart_verification_return>.

=========================================================================
*                            HDL Elaboration                            *
=========================================================================

Elaborating entity <uart_verification_return> (architecture <Behavioral>) with generics from library <work>.

Elaborating entity <uart> (architecture <Behavioral>) with generics from library <work>.

Elaborating entity <baud_freq_div> (architecture <Behavioral>) with generics from library <work>.

Elaborating entity <reciver> (architecture <Behavioral>) with generics from library <work>.

Elaborating entity <fifo> (architecture <Behavioral>) with generics from library <work>.

Elaborating entity <transmitter> (architecture <Behavioral>) with generics from library <work>.

=========================================================================
*                           HDL Synthesis                               *
=========================================================================

Synthesizing Unit <uart_verification_return>.
    Related source file is "D:\BSc_workspace\Bachelor_work\UART_communication\uart_verification_return.vhd".
        BAUD_RATE_SEL = 3
        DATA_BIT_SEL = 2
        DATA_WIDTH = 8
INFO:Xst:3210 - "D:\BSc_workspace\Bachelor_work\UART_communication\uart_verification_return.vhd" line 99: Output port <oUART_FULL> of the instance <eUART> is unconnected or connected to loadless signal.
    Found 8-bit register for signal <sOUART_DATA>.
    Found 2-bit register for signal <sCURRENT_STATE>.
    Found finite state machine <FSM_0> for signal <sCURRENT_STATE>.
    -----------------------------------------------------------------------
    | States             | 3                                              |
    | Transitions        | 4                                              |
    | Inputs             | 1                                              |
    | Outputs            | 2                                              |
    | Clock              | iCLK (rising_edge)                             |
    | Reset              | inRST (negative)                               |
    | Reset type         | asynchronous                                   |
    | Reset State        | idle                                           |
    | Power Up State     | idle                                           |
    | Encoding           | auto                                           |
    | Implementation     | LUT                                            |
    -----------------------------------------------------------------------
    Summary:
	inferred   8 D-type flip-flop(s).
	inferred   1 Finite State Machine(s).
Unit <uart_verification_return> synthesized.

Synthesizing Unit <uart>.
    Related source file is "D:\BSc_workspace\Bachelor_work\UART_communication\uart.vhd".
        BAUD_RATE_SEL = 3
        DATA_BIT_SEL = 2
        DATA_WIDTH = 8
    Summary:
	no macro.
Unit <uart> synthesized.

Synthesizing Unit <baud_freq_div>.
    Related source file is "D:\BSc_workspace\Bachelor_work\UART_communication\baud_freq_div.vhd".
        BAUD_RATE_SEL = 3
        CLK_CNT_WIDTH = 10
    Found 10-bit register for signal <sCLK_CNT>.
    Found 10-bit register for signal <sBAUD_RATE_REG>.
    Found 10-bit adder for signal <sCLK_CNT[9]_GND_7_o_add_2_OUT> created at line 1241.
    Found 10-bit subtractor for signal <GND_7_o_GND_7_o_sub_6_OUT<9:0>> created at line 1308.
    Found 8x10-bit Read Only RAM for signal <sBAUD_RATE>
    Found 10-bit comparator equal for signal <oTC> created at line 77
    Summary:
	inferred   1 RAM(s).
	inferred   2 Adder/Subtractor(s).
	inferred  20 D-type flip-flop(s).
	inferred   1 Comparator(s).
	inferred   1 Multiplexer(s).
Unit <baud_freq_div> synthesized.

Synthesizing Unit <reciver>.
    Related source file is "D:\BSc_workspace\Bachelor_work\UART_communication\reciver.vhd".
        DATA_WIDTH = 8
        START_TC_PERIOD = 8
        TC_PERIOD = 16
        DATA_CNT_WIDTH = 3
        TC_CNT_WIDTH = 4
        DATA_BIT_SEL = 2
    Found 3-bit register for signal <sDATA_BIT_REG>.
    Found 4-bit register for signal <sTC_CNT>.
    Found 3-bit register for signal <sDATA_CNT>.
    Found 3-bit register for signal <sCURRENT_STATE>.
    Found 9-bit register for signal <sSHW_REG>.
    Found finite state machine <FSM_1> for signal <sCURRENT_STATE>.
    -----------------------------------------------------------------------
    | States             | 5                                              |
    | Transitions        | 12                                             |
    | Inputs             | 5                                              |
    | Outputs            | 6                                              |
    | Clock              | iCLK (rising_edge)                             |
    | Reset              | inRST (negative)                               |
    | Reset type         | asynchronous                                   |
    | Reset State        | idle                                           |
    | Power Up State     | idle                                           |
    | Encoding           | auto                                           |
    | Implementation     | LUT                                            |
    -----------------------------------------------------------------------
    Found 4-bit adder for signal <sTC_CNT[3]_GND_9_o_add_15_OUT> created at line 1241.
    Found 3-bit adder for signal <sDATA_CNT[2]_GND_9_o_add_22_OUT> created at line 1241.
    Found 4x3-bit Read Only RAM for signal <sDATA_BIT>
    Found 3-bit comparator equal for signal <sDATA_CNT[2]_sDATA_BIT_REG[2]_equal_22_o> created at line 224
    Summary:
	inferred   1 RAM(s).
	inferred   2 Adder/Subtractor(s).
	inferred  19 D-type flip-flop(s).
	inferred   1 Comparator(s).
	inferred  20 Multiplexer(s).
	inferred   1 Finite State Machine(s).
Unit <reciver> synthesized.

Synthesizing Unit <fifo>.
    Related source file is "D:\BSc_workspace\Bachelor_work\UART_communication\fifo.vhd".
        DATA_WIDTH = 8
        NUM_OF_WORDS = 16
    Found 8-bit register for signal <sFIFO<14>>.
    Found 8-bit register for signal <sFIFO<13>>.
    Found 8-bit register for signal <sFIFO<12>>.
    Found 8-bit register for signal <sFIFO<11>>.
    Found 8-bit register for signal <sFIFO<10>>.
    Found 8-bit register for signal <sFIFO<9>>.
    Found 8-bit register for signal <sFIFO<8>>.
    Found 8-bit register for signal <sFIFO<7>>.
    Found 8-bit register for signal <sFIFO<6>>.
    Found 8-bit register for signal <sFIFO<5>>.
    Found 8-bit register for signal <sFIFO<4>>.
    Found 8-bit register for signal <sFIFO<3>>.
    Found 8-bit register for signal <sFIFO<2>>.
    Found 8-bit register for signal <sFIFO<1>>.
    Found 8-bit register for signal <sFIFO<0>>.
    Found 8-bit register for signal <sFIFO<15>>.
    Found 4-bit register for signal <sWR_PTR>.
    Found 4-bit adder for signal <sWR_PTR[3]_GND_12_o_add_65_OUT> created at line 95.
    Found 4-bit subtractor for signal <GND_12_o_GND_12_o_sub_67_OUT<3:0>> created at line 97.
    Found 1-bit tristate buffer for signal <oDATA<7>> created at line 107
    Found 1-bit tristate buffer for signal <oDATA<6>> created at line 107
    Found 1-bit tristate buffer for signal <oDATA<5>> created at line 107
    Found 1-bit tristate buffer for signal <oDATA<4>> created at line 107
    Found 1-bit tristate buffer for signal <oDATA<3>> created at line 107
    Found 1-bit tristate buffer for signal <oDATA<2>> created at line 107
    Found 1-bit tristate buffer for signal <oDATA<1>> created at line 107
    Found 1-bit tristate buffer for signal <oDATA<0>> created at line 107
    Summary:
	inferred   1 Adder/Subtractor(s).
	inferred 132 D-type flip-flop(s).
	inferred  15 Multiplexer(s).
	inferred   8 Tristate(s).
Unit <fifo> synthesized.

Synthesizing Unit <transmitter>.
    Related source file is "D:\BSc_workspace\Bachelor_work\UART_communication\transmitter.vhd".
        DATA_WIDTH = 8
        TC_PERIOD = 16
        DATA_CNT_WIDTH = 3
        TC_CNT_WIDTH = 4
        DATA_BIT_SEL = 2
    Found 3-bit register for signal <sDATA_BIT_REG>.
    Found 4-bit register for signal <sTC_CNT>.
    Found 3-bit register for signal <sDATA_CNT>.
    Found 3-bit register for signal <sCURRENT_STATE>.
    Found 8-bit register for signal <sSHW_REG>.
    Found 8-bit register for signal <sPARITY_REG>.
    Found finite state machine <FSM_2> for signal <sCURRENT_STATE>.
    -----------------------------------------------------------------------
    | States             | 6                                              |
    | Transitions        | 15                                             |
    | Inputs             | 6                                              |
    | Outputs            | 7                                              |
    | Clock              | iCLK (rising_edge)                             |
    | Reset              | inRST (negative)                               |
    | Reset type         | asynchronous                                   |
    | Reset State        | idle                                           |
    | Power Up State     | idle                                           |
    | Encoding           | auto                                           |
    | Implementation     | LUT                                            |
    -----------------------------------------------------------------------
    Found 4-bit adder for signal <sTC_CNT[3]_GND_21_o_add_20_OUT> created at line 1241.
    Found 3-bit adder for signal <sDATA_CNT[2]_GND_21_o_add_26_OUT> created at line 1241.
    Found 4x3-bit Read Only RAM for signal <sDATA_BIT>
    Found 3-bit comparator equal for signal <sDATA_CNT[2]_sDATA_BIT_REG[2]_equal_26_o> created at line 262
    Summary:
	inferred   1 RAM(s).
	inferred   2 Adder/Subtractor(s).
	inferred  26 D-type flip-flop(s).
	inferred   1 Comparator(s).
	inferred  20 Multiplexer(s).
	inferred   1 Finite State Machine(s).
Unit <transmitter> synthesized.

=========================================================================
HDL Synthesis Report

Macro Statistics
# RAMs                                                 : 3
 4x3-bit single-port Read Only RAM                     : 2
 8x10-bit single-port Read Only RAM                    : 1
# Adders/Subtractors                                   : 8
 10-bit adder                                          : 1
 10-bit subtractor                                     : 1
 3-bit adder                                           : 2
 4-bit adder                                           : 2
 4-bit addsub                                          : 2
# Registers                                            : 46
 10-bit register                                       : 2
 3-bit register                                        : 4
 4-bit register                                        : 4
 8-bit register                                        : 35
 9-bit register                                        : 1
# Comparators                                          : 3
 10-bit comparator equal                               : 1
 3-bit comparator equal                                : 2
# Multiplexers                                         : 71
 1-bit 2-to-1 multiplexer                              : 27
 10-bit 2-to-1 multiplexer                             : 1
 3-bit 2-to-1 multiplexer                              : 2
 4-bit 2-to-1 multiplexer                              : 2
 8-bit 2-to-1 multiplexer                              : 39
# Tristates                                            : 16
 1-bit tristate buffer                                 : 16
# FSMs                                                 : 3
# Xors                                                 : 14
 1-bit xor2                                            : 11
 1-bit xor4                                            : 1
 1-bit xor5                                            : 2

=========================================================================
INFO:Xst:1767 - HDL ADVISOR - Resource sharing has identified that some arithmetic operations in this design can share the same physical resources for reduced device utilization. For improved clock frequency you may try to disable resource sharing.

=========================================================================
*                       Advanced HDL Synthesis                          *
=========================================================================


Synthesizing (advanced) Unit <baud_freq_div>.
The following registers are absorbed into counter <sCLK_CNT>: 1 register on signal <sCLK_CNT>.
INFO:Xst:3217 - HDL ADVISOR - Register <sBAUD_RATE_REG> currently described with an asynchronous reset, could be combined with distributed RAM <Mram_sBAUD_RATE> for implementation on block RAM resources if you made this reset synchronous instead.
    -----------------------------------------------------------------------
    | ram_type           | Distributed                         |          |
    -----------------------------------------------------------------------
    | Port A                                                              |
    |     aspect ratio   | 8-word x 10-bit                     |          |
    |     weA            | connected to signal <GND>           | high     |
    |     addrA          | connected to signal <iBAUD_SEL>     |          |
    |     diA            | connected to signal <GND>           |          |
    |     doA            | connected to signal <sBAUD_RATE>    |          |
    -----------------------------------------------------------------------
Unit <baud_freq_div> synthesized (advanced).

Synthesizing (advanced) Unit <fifo>.
The following registers are absorbed into counter <sWR_PTR>: 1 register on signal <sWR_PTR>.
Unit <fifo> synthesized (advanced).

Synthesizing (advanced) Unit <reciver>.
The following registers are absorbed into counter <sTC_CNT>: 1 register on signal <sTC_CNT>.
The following registers are absorbed into counter <sDATA_CNT>: 1 register on signal <sDATA_CNT>.
INFO:Xst:3217 - HDL ADVISOR - Register <sDATA_BIT_REG> currently described with an asynchronous reset, could be combined with distributed RAM <Mram_sDATA_BIT> for implementation on block RAM resources if you made this reset synchronous instead.
    -----------------------------------------------------------------------
    | ram_type           | Distributed                         |          |
    -----------------------------------------------------------------------
    | Port A                                                              |
    |     aspect ratio   | 4-word x 3-bit                      |          |
    |     weA            | connected to signal <GND>           | high     |
    |     addrA          | connected to signal <iDATA_SEL>     |          |
    |     diA            | connected to signal <GND>           |          |
    |     doA            | connected to signal <sDATA_BIT>     |          |
    -----------------------------------------------------------------------
Unit <reciver> synthesized (advanced).

Synthesizing (advanced) Unit <transmitter>.
The following registers are absorbed into counter <sTC_CNT>: 1 register on signal <sTC_CNT>.
The following registers are absorbed into counter <sDATA_CNT>: 1 register on signal <sDATA_CNT>.
INFO:Xst:3217 - HDL ADVISOR - Register <sDATA_BIT_REG> currently described with an asynchronous reset, could be combined with distributed RAM <Mram_sDATA_BIT> for implementation on block RAM resources if you made this reset synchronous instead.
    -----------------------------------------------------------------------
    | ram_type           | Distributed                         |          |
    -----------------------------------------------------------------------
    | Port A                                                              |
    |     aspect ratio   | 4-word x 3-bit                      |          |
    |     weA            | connected to signal <GND>           | high     |
    |     addrA          | connected to signal <iDATA_SEL>     |          |
    |     diA            | connected to signal <GND>           |          |
    |     doA            | connected to signal <sDATA_BIT>     |          |
    -----------------------------------------------------------------------
Unit <transmitter> synthesized (advanced).

=========================================================================
Advanced HDL Synthesis Report

Macro Statistics
# RAMs                                                 : 3
 4x3-bit single-port distributed Read Only RAM         : 2
 8x10-bit single-port distributed Read Only RAM        : 1
# Adders/Subtractors                                   : 1
 10-bit subtractor                                     : 1
# Counters                                             : 7
 10-bit up counter                                     : 1
 3-bit up counter                                      : 2
 4-bit up counter                                      : 2
 4-bit updown counter                                  : 2
# Registers                                            : 305
 Flip-Flops                                            : 305
# Comparators                                          : 3
 10-bit comparator equal                               : 1
 3-bit comparator equal                                : 2
# Multiplexers                                         : 73
 1-bit 2-to-1 multiplexer                              : 35
 8-bit 2-to-1 multiplexer                              : 38
# FSMs                                                 : 3
# Xors                                                 : 14
 1-bit xor2                                            : 11
 1-bit xor4                                            : 1
 1-bit xor5                                            : 2

=========================================================================

=========================================================================
*                         Low Level Synthesis                           *
=========================================================================
Analyzing FSM <MFsm> for best encoding.
Optimizing FSM <FSM_0> on signal <sCURRENT_STATE[1:2]> with user encoding.
--------------------
 State  | Encoding
--------------------
 idle   | 00
 recive | 01
 send   | 10
--------------------
Analyzing FSM <MFsm> for best encoding.
Optimizing FSM <eUART/eUART_RECIVER/FSM_1> on signal <sCURRENT_STATE[1:3]> with gray encoding.
--------------------
 State  | Encoding
--------------------
 idle   | 000
 start  | 001
 data   | 011
 parity | 110
 stop   | 010
--------------------
Analyzing FSM <MFsm> for best encoding.
Optimizing FSM <eUART/eUART_TRANSMITTER/FSM_2> on signal <sCURRENT_STATE[1:3]> with user encoding.
-----------------------
 State     | Encoding
-----------------------
 idle      | 000
 handshake | 001
 start     | 010
 data      | 011
 parity    | 100
 stop      | 101
-----------------------
WARNING:Xst:1710 - FF/Latch <sDATA_BIT_REG_2> (without init value) has a constant value of 1 in block <reciver>. This FF/Latch will be trimmed during the optimization process.
WARNING:Xst:1710 - FF/Latch <sDATA_BIT_REG_2> (without init value) has a constant value of 1 in block <transmitter>. This FF/Latch will be trimmed during the optimization process.
WARNING:Xst:2042 - Unit fifo: 8 internal tristates are replaced by logic (pull-up yes): oDATA<0>, oDATA<1>, oDATA<2>, oDATA<3>, oDATA<4>, oDATA<5>, oDATA<6>, oDATA<7>.

Optimizing unit <uart_verification_return> ...

Optimizing unit <reciver> ...

Optimizing unit <transmitter> ...

Optimizing unit <baud_freq_div> ...

Optimizing unit <fifo> ...

Mapping all equations...
Building and optimizing final netlist ...
Found area constraint ratio of 100 (+ 5) on block uart_verification_return, actual ratio is 2.
FlipFlop eUART/eUART_RECIVER/sDATA_BIT_REG_1 has been replicated 1 time(s)
INFO:Xst:1843 - HDL ADVISOR - FlipFlop eUART/eUART_RECIVER/sDATA_BIT_REG_1 connected to a primary input has been replicated

Final Macro Processing ...

=========================================================================
Final Register Report

Macro Statistics
# Registers                                            : 344
 Flip-Flops                                            : 344

=========================================================================

=========================================================================
*                           Partition Report                            *
=========================================================================

Partition Implementation Status
-------------------------------

  No Partitions were found in this design.

-------------------------------

=========================================================================
*                            Design Summary                             *
=========================================================================

Top Level Output File Name         : uart_verification_return.ngc

Primitive and Black Box Usage:
------------------------------
# BELS                             : 461
#      GND                         : 1
#      INV                         : 3
#      LUT2                        : 12
#      LUT3                        : 150
#      LUT4                        : 31
#      LUT5                        : 125
#      LUT6                        : 118
#      MUXCY                       : 9
#      MUXF7                       : 2
#      XORCY                       : 10
# FlipFlops/Latches                : 344
#      FDC                         : 53
#      FDCE                        : 282
#      FDPE                        : 9
# Clock Buffers                    : 1
#      BUFGP                       : 1
# IO Buffers                       : 21
#      IBUF                        : 11
#      OBUF                        : 10

Device utilization summary:
---------------------------

Selected Device : 6slx45fgg676-2 


Slice Logic Utilization: 
 Number of Slice Registers:             344  out of  54576     0%  
 Number of Slice LUTs:                  439  out of  27288     1%  
    Number used as Logic:               439  out of  27288     1%  

Slice Logic Distribution: 
 Number of LUT Flip Flop pairs used:    456
   Number with an unused Flip Flop:     112  out of    456    24%  
   Number with an unused LUT:            17  out of    456     3%  
   Number of fully used LUT-FF pairs:   327  out of    456    71%  
   Number of unique control sets:        44

IO Utilization: 
 Number of IOs:                          22
 Number of bonded IOBs:                  22  out of    358     6%  

Specific Feature Utilization:
 Number of BUFG/BUFGCTRLs:                1  out of     16     6%  

---------------------------
Partition Resource Summary:
---------------------------

  No Partitions were found in this design.

---------------------------


=========================================================================
Timing Report

NOTE: THESE TIMING NUMBERS ARE ONLY A SYNTHESIS ESTIMATE.
      FOR ACCURATE TIMING INFORMATION PLEASE REFER TO THE TRACE REPORT
      GENERATED AFTER PLACE-and-ROUTE.

Clock Information:
------------------
-----------------------------------+------------------------+-------+
Clock Signal                       | Clock buffer(FF name)  | Load  |
-----------------------------------+------------------------+-------+
iCLK                               | BUFGP                  | 344   |
-----------------------------------+------------------------+-------+

Asynchronous Control Signals Information:
----------------------------------------
No asynchronous control signals found in this design

Timing Summary:
---------------
Speed Grade: -2

   Minimum period: 6.828ns (Maximum Frequency: 146.450MHz)
   Minimum input arrival time before clock: 5.579ns
   Maximum output required time after clock: 9.067ns
   Maximum combinational path delay: 6.331ns

Timing Details:
---------------
All values displayed in nanoseconds (ns)

=========================================================================
Timing constraint: Default period analysis for Clock 'iCLK'
  Clock period: 6.828ns (frequency: 146.450MHz)
  Total number of paths / destination ports: 17346 / 619
-------------------------------------------------------------------------
Delay:               6.828ns (Levels of Logic = 14)
  Source:            eUART/eBAUD_FREQ_DIV/sBAUD_RATE_REG_0 (FF)
  Destination:       eUART/eBAUD_FREQ_DIV/sCLK_CNT_9 (FF)
  Source Clock:      iCLK rising
  Destination Clock: iCLK rising

  Data Path: eUART/eBAUD_FREQ_DIV/sBAUD_RATE_REG_0 to eUART/eBAUD_FREQ_DIV/sCLK_CNT_9
                                Gate     Net
    Cell:in->out      fanout   Delay   Delay  Logical Name (Net Name)
    ----------------------------------------  ------------
     FDPE:C->Q             9   0.525   1.084  eUART/eBAUD_FREQ_DIV/sBAUD_RATE_REG_0 (eUART/eBAUD_FREQ_DIV/sBAUD_RATE_REG_0)
     LUT4:I2->O            3   0.250   0.874  eUART/eBAUD_FREQ_DIV/oTC10331 (eUART/eBAUD_FREQ_DIV/oTC1033)
     LUT6:I4->O            1   0.250   0.958  eUART/eBAUD_FREQ_DIV/oTC1041 (eUART/eBAUD_FREQ_DIV/oTC104)
     LUT6:I2->O           17   0.254   1.209  eUART/eBAUD_FREQ_DIV/oTC105 (eUART/eBAUD_FREQ_DIV/oTC107)
     LUT3:I2->O            1   0.254   0.681  eUART/eBAUD_FREQ_DIV/oTC_inv1 (eUART/eBAUD_FREQ_DIV/oTC_inv)
     MUXCY:CI->O           1   0.023   0.000  eUART/eBAUD_FREQ_DIV/Mcount_sCLK_CNT_cy<0> (eUART/eBAUD_FREQ_DIV/Mcount_sCLK_CNT_cy<0>)
     MUXCY:CI->O           1   0.023   0.000  eUART/eBAUD_FREQ_DIV/Mcount_sCLK_CNT_cy<1> (eUART/eBAUD_FREQ_DIV/Mcount_sCLK_CNT_cy<1>)
     MUXCY:CI->O           1   0.023   0.000  eUART/eBAUD_FREQ_DIV/Mcount_sCLK_CNT_cy<2> (eUART/eBAUD_FREQ_DIV/Mcount_sCLK_CNT_cy<2>)
     MUXCY:CI->O           1   0.023   0.000  eUART/eBAUD_FREQ_DIV/Mcount_sCLK_CNT_cy<3> (eUART/eBAUD_FREQ_DIV/Mcount_sCLK_CNT_cy<3>)
     MUXCY:CI->O           1   0.023   0.000  eUART/eBAUD_FREQ_DIV/Mcount_sCLK_CNT_cy<4> (eUART/eBAUD_FREQ_DIV/Mcount_sCLK_CNT_cy<4>)
     MUXCY:CI->O           1   0.023   0.000  eUART/eBAUD_FREQ_DIV/Mcount_sCLK_CNT_cy<5> (eUART/eBAUD_FREQ_DIV/Mcount_sCLK_CNT_cy<5>)
     MUXCY:CI->O           1   0.023   0.000  eUART/eBAUD_FREQ_DIV/Mcount_sCLK_CNT_cy<6> (eUART/eBAUD_FREQ_DIV/Mcount_sCLK_CNT_cy<6>)
     MUXCY:CI->O           1   0.023   0.000  eUART/eBAUD_FREQ_DIV/Mcount_sCLK_CNT_cy<7> (eUART/eBAUD_FREQ_DIV/Mcount_sCLK_CNT_cy<7>)
     MUXCY:CI->O           0   0.023   0.000  eUART/eBAUD_FREQ_DIV/Mcount_sCLK_CNT_cy<8> (eUART/eBAUD_FREQ_DIV/Mcount_sCLK_CNT_cy<8>)
     XORCY:CI->O           1   0.206   0.000  eUART/eBAUD_FREQ_DIV/Mcount_sCLK_CNT_xor<9> (eUART/eBAUD_FREQ_DIV/Mcount_sCLK_CNT9)
     FDC:D                     0.074          eUART/eBAUD_FREQ_DIV/sCLK_CNT_9
    ----------------------------------------
    Total                      6.828ns (2.022ns logic, 4.806ns route)
                                       (29.6% logic, 70.4% route)

=========================================================================
Timing constraint: Default OFFSET IN BEFORE for Clock 'iCLK'
  Total number of paths / destination ports: 850 / 492
-------------------------------------------------------------------------
Offset:              5.579ns (Levels of Logic = 4)
  Source:            iPARITY_SW (PAD)
  Destination:       eUART/eRECV_FIFO/sFIFO_0_5 (FF)
  Destination Clock: iCLK rising

  Data Path: iPARITY_SW to eUART/eRECV_FIFO/sFIFO_0_5
                                Gate     Net
    Cell:in->out      fanout   Delay   Delay  Logical Name (Net Name)
    ----------------------------------------  ------------
     IBUF:I->O             2   1.328   1.002  iPARITY_SW_IBUF (iPARITY_SW_IBUF)
     LUT4:I0->O           14   0.254   1.127  eUART/eUART_RECIVER/Mmux_sPARITY_OK_2_f7 (eUART/eUART_RECIVER/sPARITY_OK)
     LUT6:I5->O           16   0.254   1.290  eUART/eUART_RECIVER/oDATA<4>1 (eUART/eUART_RECIVER/oDATA<4>)
     LUT5:I3->O            1   0.250   0.000  eUART/eRECV_FIFO/Mmux_sFIFO[0][7]_sFIFO[0][7]_mux_48_OUT51 (eUART/eRECV_FIFO/sFIFO[0][7]_sFIFO[0][7]_mux_48_OUT<4>)
     FDCE:D                    0.074          eUART/eRECV_FIFO/sFIFO_0_4
    ----------------------------------------
    Total                      5.579ns (2.160ns logic, 3.419ns route)
                                       (38.7% logic, 61.3% route)

=========================================================================
Timing constraint: Default OFFSET OUT AFTER for Clock 'iCLK'
  Total number of paths / destination ports: 43 / 10
-------------------------------------------------------------------------
Offset:              9.067ns (Levels of Logic = 5)
  Source:            eUART/eUART_TRANSMITTER/sPARITY_REG_6 (FF)
  Destination:       oTX (PAD)
  Source Clock:      iCLK rising

  Data Path: eUART/eUART_TRANSMITTER/sPARITY_REG_6 to oTX
                                Gate     Net
    Cell:in->out      fanout   Delay   Delay  Logical Name (Net Name)
    ----------------------------------------  ------------
     FDCE:C->Q             2   0.525   1.181  eUART/eUART_TRANSMITTER/sPARITY_REG_6 (eUART/eUART_TRANSMITTER/sPARITY_REG_6)
     LUT6:I0->O            1   0.254   1.112  eUART/eUART_TRANSMITTER/oTX2 (eUART/eUART_TRANSMITTER/oTX1)
     LUT5:I0->O            1   0.254   0.682  eUART/eUART_TRANSMITTER/oTX3 (eUART/eUART_TRANSMITTER/oTX2)
     LUT6:I5->O            1   0.254   0.958  eUART/eUART_TRANSMITTER/oTX4 (eUART/eUART_TRANSMITTER/oTX3)
     LUT6:I2->O            1   0.254   0.681  eUART/eUART_TRANSMITTER/oTX5 (oTX_OBUF)
     OBUF:I->O                 2.912          oTX_OBUF (oTX)
    ----------------------------------------
    Total                      9.067ns (4.453ns logic, 4.614ns route)
                                       (49.1% logic, 50.9% route)

=========================================================================
Timing constraint: Default path analysis
  Total number of paths / destination ports: 2 / 2
-------------------------------------------------------------------------
Delay:               6.331ns (Levels of Logic = 3)
  Source:            iPARITY_SW (PAD)
  Destination:       oTX (PAD)

  Data Path: iPARITY_SW to oTX
                                Gate     Net
    Cell:in->out      fanout   Delay   Delay  Logical Name (Net Name)
    ----------------------------------------  ------------
     IBUF:I->O             2   1.328   1.156  iPARITY_SW_IBUF (iPARITY_SW_IBUF)
     LUT6:I1->O            1   0.254   0.681  eUART/eUART_TRANSMITTER/oTX5 (oTX_OBUF)
     OBUF:I->O                 2.912          oTX_OBUF (oTX)
    ----------------------------------------
    Total                      6.331ns (4.494ns logic, 1.837ns route)
                                       (71.0% logic, 29.0% route)

=========================================================================

Cross Clock Domains Report:
--------------------------

Clock to Setup on destination clock iCLK
---------------+---------+---------+---------+---------+
               | Src:Rise| Src:Fall| Src:Rise| Src:Fall|
Source Clock   |Dest:Rise|Dest:Rise|Dest:Fall|Dest:Fall|
---------------+---------+---------+---------+---------+
iCLK           |    6.828|         |         |         |
---------------+---------+---------+---------+---------+

=========================================================================


Total REAL time to Xst completion: 5.00 secs
Total CPU time to Xst completion: 5.64 secs
 
--> 

Total memory usage is 282940 kilobytes

Number of errors   :    0 (   0 filtered)
Number of warnings :    3 (   0 filtered)
Number of infos    :    6 (   0 filtered)

