--------------------------------------------------------------------------------
Release 14.6 Trace  (nt)
Copyright (c) 1995-2013 Xilinx, Inc.  All rights reserved.

C:\Xilinx\14.6\ISE_DS\ISE\bin\nt\unwrapped\trce.exe -intstyle ise -v 3 -s 2 -n
3 -fastpaths -xml i2c_via_uart.twx i2c_via_uart.ncd -o i2c_via_uart.twr
i2c_via_uart.pcf -ucf system_pins.ucf

Design file:              i2c_via_uart.ncd
Physical constraint file: i2c_via_uart.pcf
Device,package,speed:     xc6slx45,fgg676,C,-2 (PRODUCTION 1.23 2013-06-08)
Report level:             verbose report

Environment Variable      Effect 
--------------------      ------ 
NONE                      No environment variables were set
--------------------------------------------------------------------------------

INFO:Timing:2698 - No timing constraints found, doing default enumeration.
INFO:Timing:3412 - To improve timing, see the Timing Closure User Guide (UG612).
INFO:Timing:2752 - To get complete path coverage, use the unconstrained paths 
   option. All paths that are not constrained will be reported in the 
   unconstrained paths section(s) of the report.
INFO:Timing:3339 - The clock-to-out numbers in this timing report are based on 
   a 50 Ohm transmission line loading model.  For the details of this model, 
   and for more information on accounting for different loading conditions, 
   please see the device datasheet.



Data Sheet report:
-----------------
All values displayed in nanoseconds (ns)

Setup/Hold to clock iCLK
----------------+------------+------------+------------+------------+------------------+--------+
                |Max Setup to|  Process   |Max Hold to |  Process   |                  | Clock  |
Source          | clk (edge) |   Corner   | clk (edge) |   Corner   |Internal Clock(s) | Phase  |
----------------+------------+------------+------------+------------+------------------+--------+
iBAUD_SW<0>     |    3.584(R)|      SLOW  |   -1.663(R)|      FAST  |iCLK_BUFGP        |   0.000|
iBAUD_SW<1>     |    1.571(R)|      SLOW  |    0.084(R)|      SLOW  |iCLK_BUFGP        |   0.000|
iBAUD_SW<2>     |    3.176(R)|      SLOW  |   -1.286(R)|      FAST  |iCLK_BUFGP        |   0.000|
iCTS            |    4.429(R)|      SLOW  |   -2.094(R)|      FAST  |iCLK_BUFGP        |   0.000|
iDATA_BIT_SW<0> |    1.922(R)|      SLOW  |   -0.576(R)|      SLOW  |iCLK_BUFGP        |   0.000|
iDATA_BIT_SW<1> |    2.795(R)|      SLOW  |   -0.600(R)|      SLOW  |iCLK_BUFGP        |   0.000|
iHANDSHAKE_EN_SW|    4.815(R)|      SLOW  |   -2.197(R)|      FAST  |iCLK_BUFGP        |   0.000|
iPARITY_EN_SW   |    3.293(R)|      SLOW  |   -0.172(R)|      SLOW  |iCLK_BUFGP        |   0.000|
iPARITY_SW      |    5.532(R)|      SLOW  |   -2.040(R)|      FAST  |iCLK_BUFGP        |   0.000|
iRX             |    4.893(R)|      SLOW  |   -2.434(R)|      FAST  |iCLK_BUFGP        |   0.000|
inRST           |    7.750(R)|      SLOW  |   -0.149(R)|      SLOW  |iCLK_BUFGP        |   0.000|
ioLCD_D<3>      |    4.935(R)|      SLOW  |   -1.657(R)|      FAST  |iCLK_BUFGP        |   0.000|
----------------+------------+------------+------------+------------+------------------+--------+

Clock iCLK to Pad
------------+-----------------+------------+-----------------+------------+------------------+--------+
            |Max (slowest) clk|  Process   |Min (fastest) clk|  Process   |                  | Clock  |
Destination |  (edge) to PAD  |   Corner   |  (edge) to PAD  |   Corner   |Internal Clock(s) | Phase  |
------------+-----------------+------------+-----------------+------------+------------------+--------+
ioLCD_D<0>  |        18.463(R)|      SLOW  |         6.283(R)|      FAST  |iCLK_BUFGP        |   0.000|
ioLCD_D<1>  |        18.067(R)|      SLOW  |         6.120(R)|      FAST  |iCLK_BUFGP        |   0.000|
ioLCD_D<2>  |        18.304(R)|      SLOW  |         6.001(R)|      FAST  |iCLK_BUFGP        |   0.000|
ioLCD_D<3>  |        17.018(R)|      SLOW  |         5.518(R)|      FAST  |iCLK_BUFGP        |   0.000|
oLCD_E      |        14.081(R)|      SLOW  |         5.749(R)|      FAST  |iCLK_BUFGP        |   0.000|
oLCD_RS     |        13.406(R)|      SLOW  |         5.547(R)|      FAST  |iCLK_BUFGP        |   0.000|
oLCD_RW     |        14.392(R)|      SLOW  |         6.292(R)|      FAST  |iCLK_BUFGP        |   0.000|
oLED<0>     |        11.151(R)|      SLOW  |         4.841(R)|      FAST  |iCLK_BUFGP        |   0.000|
oLED<1>     |         9.597(R)|      SLOW  |         3.993(R)|      FAST  |iCLK_BUFGP        |   0.000|
oLED<2>     |        11.666(R)|      SLOW  |         5.131(R)|      FAST  |iCLK_BUFGP        |   0.000|
oLED<3>     |        11.097(R)|      SLOW  |         4.807(R)|      FAST  |iCLK_BUFGP        |   0.000|
oLED<4>     |        11.423(R)|      SLOW  |         4.961(R)|      FAST  |iCLK_BUFGP        |   0.000|
oLED<5>     |        12.182(R)|      SLOW  |         5.359(R)|      FAST  |iCLK_BUFGP        |   0.000|
oLED<6>     |        12.608(R)|      SLOW  |         5.591(R)|      FAST  |iCLK_BUFGP        |   0.000|
oLED<7>     |        12.644(R)|      SLOW  |         5.620(R)|      FAST  |iCLK_BUFGP        |   0.000|
oTX         |        16.298(R)|      SLOW  |         5.829(R)|      FAST  |iCLK_BUFGP        |   0.000|
------------+-----------------+------------+-----------------+------------+------------------+--------+

Clock to Setup on destination clock iCLK
---------------+---------+---------+---------+---------+
               | Src:Rise| Src:Fall| Src:Rise| Src:Fall|
Source Clock   |Dest:Rise|Dest:Rise|Dest:Fall|Dest:Fall|
---------------+---------+---------+---------+---------+
iCLK           |    6.702|         |         |         |
---------------+---------+---------+---------+---------+

Pad to Pad
---------------+---------------+---------+
Source Pad     |Destination Pad|  Delay  |
---------------+---------------+---------+
iPARITY_SW     |oTX            |   15.038|
---------------+---------------+---------+


Analysis completed Thu Jun 14 13:14:38 2018 
--------------------------------------------------------------------------------

Trace Settings:
-------------------------
Trace Settings 

Peak Memory Usage: 220 MB



