Release 14.6 - xst P.68d (lin64)
Copyright (c) 1995-2013 Xilinx, Inc.  All rights reserved.
--> 
Parameter TMPDIR set to xst/projnav.tmp


Total REAL time to Xst completion: 0.00 secs
Total CPU time to Xst completion: 0.03 secs
 
--> 
Parameter xsthdpdir set to xst


Total REAL time to Xst completion: 0.00 secs
Total CPU time to Xst completion: 0.03 secs
 
--> 
Reading design: i2c_via_uart.prj

TABLE OF CONTENTS
  1) Synthesis Options Summary
  2) HDL Parsing
  3) HDL Elaboration
  4) HDL Synthesis
       4.1) HDL Synthesis Report
  5) Advanced HDL Synthesis
       5.1) Advanced HDL Synthesis Report
  6) Low Level Synthesis
  7) Partition Report
  8) Design Summary
       8.1) Primitive and Black Box Usage
       8.2) Device utilization summary
       8.3) Partition Resource Summary
       8.4) Timing Report
            8.4.1) Clock Information
            8.4.2) Asynchronous Control Signals Information
            8.4.3) Timing Summary
            8.4.4) Timing Details
            8.4.5) Cross Clock Domains Report


=========================================================================
*                      Synthesis Options Summary                        *
=========================================================================
---- Source Parameters
Input File Name                    : "i2c_via_uart.prj"
Ignore Synthesis Constraint File   : NO

---- Target Parameters
Output File Name                   : "i2c_via_uart"
Output Format                      : NGC
Target Device                      : xc6slx45-2-fgg676

---- Source Options
Top Module Name                    : i2c_via_uart
Automatic FSM Extraction           : YES
FSM Encoding Algorithm             : Auto
Safe Implementation                : No
FSM Style                          : LUT
RAM Extraction                     : Yes
RAM Style                          : Auto
ROM Extraction                     : Yes
Shift Register Extraction          : YES
ROM Style                          : Auto
Resource Sharing                   : YES
Asynchronous To Synchronous        : NO
Shift Register Minimum Size        : 2
Use DSP Block                      : Auto
Automatic Register Balancing       : No

---- Target Options
LUT Combining                      : Auto
Reduce Control Sets                : Auto
Add IO Buffers                     : YES
Global Maximum Fanout              : 100000
Add Generic Clock Buffer(BUFG)     : 16
Register Duplication               : YES
Optimize Instantiated Primitives   : NO
Use Clock Enable                   : Auto
Use Synchronous Set                : Auto
Use Synchronous Reset              : Auto
Pack IO Registers into IOBs        : Auto
Equivalent register Removal        : YES

---- General Options
Optimization Goal                  : Speed
Optimization Effort                : 1
Power Reduction                    : NO
Keep Hierarchy                     : No
Netlist Hierarchy                  : As_Optimized
RTL Output                         : Yes
Global Optimization                : AllClockNets
Read Cores                         : YES
Write Timing Constraints           : NO
Cross Clock Analysis               : NO
Hierarchy Separator                : /
Bus Delimiter                      : <>
Case Specifier                     : Maintain
Slice Utilization Ratio            : 100
BRAM Utilization Ratio             : 100
DSP48 Utilization Ratio            : 100
Auto BRAM Packing                  : NO
Slice Utilization Ratio Delta      : 5

=========================================================================


=========================================================================
*                          HDL Parsing                                  *
=========================================================================
Parsing VHDL file "/home/rtrk/Workspace/BSc_workspace/Bachelor_work/I2C_bus/slave_reg.vhd" into library work
Parsing entity <slave_reg>.
Parsing architecture <Behavioral> of entity <slave_reg>.
Parsing VHDL file "/home/rtrk/Workspace/BSc_workspace/Bachelor_work/I2C_bus/scl_gen.vhd" into library work
Parsing entity <scl_gen>.
Parsing architecture <Behavioral> of entity <scl_gen>.
Parsing VHDL file "/home/rtrk/Workspace/BSc_workspace/Bachelor_work/I2C_bus/rising_edge_det.vhd" into library work
Parsing entity <rising_edge_det>.
Parsing architecture <Behavioral> of entity <rising_edge_det>.
Parsing VHDL file "/home/rtrk/Workspace/BSc_workspace/Bachelor_work/I2C_bus/reg.vhd" into library work
Parsing entity <reg>.
Parsing architecture <Behavioral> of entity <reg>.
Parsing VHDL file "/home/rtrk/Workspace/BSc_workspace/Bachelor_work/I2C_bus/falling_edge_det.vhd" into library work
Parsing entity <falling_edge_det>.
Parsing architecture <Behavioral> of entity <falling_edge_det>.
Parsing VHDL file "/home/rtrk/Workspace/BSc_workspace/Bachelor_work/UART_communication/uart_components.vhd" into library work
Parsing package <uart_components>.
Parsing VHDL file "/home/rtrk/Workspace/BSc_workspace/Bachelor_work/UART_communication/transmitter.vhd" into library work
Parsing entity <transmitter>.
Parsing architecture <Behavioral> of entity <transmitter>.
Parsing VHDL file "/home/rtrk/Workspace/BSc_workspace/Bachelor_work/UART_communication/reciver.vhd" into library work
Parsing entity <reciver>.
Parsing architecture <Behavioral> of entity <reciver>.
Parsing VHDL file "/home/rtrk/Workspace/BSc_workspace/Bachelor_work/UART_communication/fifo.vhd" into library work
Parsing entity <fifo>.
Parsing architecture <Behavioral> of entity <fifo>.
Parsing VHDL file "/home/rtrk/Workspace/BSc_workspace/Bachelor_work/UART_communication/baud_freq_div.vhd" into library work
Parsing entity <baud_freq_div>.
Parsing architecture <Behavioral> of entity <baud_freq_div>.
Parsing VHDL file "/home/rtrk/Workspace/BSc_workspace/Bachelor_work/I2C_bus/uart_i2c_master.vhd" into library work
Parsing entity <uart_i2c_master>.
Parsing architecture <Behavioral> of entity <uart_i2c_master>.
Parsing VHDL file "/home/rtrk/Workspace/BSc_workspace/Bachelor_work/I2C_bus/i2c_slave.vhd" into library work
Parsing entity <i2c_slave>.
Parsing architecture <Behavioral> of entity <i2c_slave>.
Parsing VHDL file "/home/rtrk/Workspace/BSc_workspace/Bachelor_work/I2C_bus/i2c_clk_freq_div.vhd" into library work
Parsing entity <i2c_clk_freq_div>.
Parsing architecture <Behavioral> of entity <i2c_clk_freq_div>.
Parsing VHDL file "/home/rtrk/Workspace/BSc_workspace/Bachelor_work/I2C_bus/i2c_bus_components.vhd" into library work
Parsing package <i2c_bus_components>.
Parsing VHDL file "/home/rtrk/Workspace/BSc_workspace/Bachelor_work/UART_communication/uart.vhd" into library work
Parsing entity <uart>.
Parsing architecture <Behavioral> of entity <uart>.
Parsing VHDL file "/home/rtrk/Workspace/BSc_workspace/Bachelor_work/I2C_Emulation_Via_Serial/i2c_via_uart_components.vhd" into library work
Parsing package <i2c_via_uart_components>.
Parsing VHDL file "/home/rtrk/Workspace/BSc_workspace/Bachelor_work/I2C_bus/i2c_bus.vhd" into library work
Parsing entity <i2c_bus>.
Parsing architecture <Behavioral> of entity <i2c_bus>.
Parsing VHDL file "/home/rtrk/Workspace/BSc_workspace/Bachelor_work/I2C_Emulation_Via_Serial/i2c_via_uart.vhd" into library work
Parsing entity <i2c_via_uart>.
Parsing architecture <Behavioral> of entity <i2c_via_uart>.

=========================================================================
*                            HDL Elaboration                            *
=========================================================================

Elaborating entity <i2c_via_uart> (architecture <Behavioral>) with generics from library <work>.

Elaborating entity <uart> (architecture <Behavioral>) with generics from library <work>.

Elaborating entity <baud_freq_div> (architecture <Behavioral>) with generics from library <work>.

Elaborating entity <reciver> (architecture <Behavioral>) with generics from library <work>.

Elaborating entity <fifo> (architecture <Behavioral>) with generics from library <work>.

Elaborating entity <transmitter> (architecture <Behavioral>) with generics from library <work>.

Elaborating entity <i2c_bus> (architecture <Behavioral>) with generics from library <work>.

Elaborating entity <uart_i2c_master> (architecture <Behavioral>) with generics from library <work>.

Elaborating entity <reg> (architecture <Behavioral>) with generics from library <work>.

Elaborating entity <rising_edge_det> (architecture <Behavioral>) from library <work>.

Elaborating entity <scl_gen> (architecture <Behavioral>) with generics from library <work>.
INFO:HDLCompiler:679 - "/home/rtrk/Workspace/BSc_workspace/Bachelor_work/I2C_bus/uart_i2c_master.vhd" Line 1251. Case statement is complete. others clause is never selected

Elaborating entity <i2c_slave> (architecture <Behavioral>) with generics from library <work>.

Elaborating entity <slave_reg> (architecture <Behavioral>) with generics from library <work>.

Elaborating entity <falling_edge_det> (architecture <Behavioral>) from library <work>.
INFO:HDLCompiler:679 - "/home/rtrk/Workspace/BSc_workspace/Bachelor_work/I2C_bus/i2c_slave.vhd" Line 307. Case statement is complete. others clause is never selected

Elaborating entity <i2c_clk_freq_div> (architecture <Behavioral>) with generics from library <work>.

=========================================================================
*                           HDL Synthesis                               *
=========================================================================

Synthesizing Unit <i2c_via_uart>.
    Related source file is "/home/rtrk/Workspace/BSc_workspace/Bachelor_work/I2C_Emulation_Via_Serial/i2c_via_uart.vhd".
        BAUD_RATE_SEL = 3
        DATA_BIT_SEL = 2
        DATA_WIDTH = 8
    Summary:
	no macro.
Unit <i2c_via_uart> synthesized.

Synthesizing Unit <uart>.
    Related source file is "/home/rtrk/Workspace/BSc_workspace/Bachelor_work/UART_communication/uart.vhd".
        BAUD_RATE_SEL = 3
        DATA_BIT_SEL = 2
        DATA_WIDTH = 8
    Summary:
	no macro.
Unit <uart> synthesized.

Synthesizing Unit <baud_freq_div>.
    Related source file is "/home/rtrk/Workspace/BSc_workspace/Bachelor_work/UART_communication/baud_freq_div.vhd".
        CLK_FREQUENCY = 24000000
        BAUD_RATE_SEL = 3
        CLK_CNT_WIDTH = 10
    Found 10-bit register for signal <sCLK_CNT>.
    Found 10-bit register for signal <sBAUD_RATE_REG>.
    Found 10-bit adder for signal <sCLK_CNT[9]_GND_8_o_add_2_OUT> created at line 1241.
    Found 10-bit subtractor for signal <GND_8_o_GND_8_o_sub_6_OUT<9:0>> created at line 1308.
    Found 8x10-bit Read Only RAM for signal <sBAUD_RATE>
    Found 10-bit comparator equal for signal <oTC> created at line 69
    Summary:
	inferred   1 RAM(s).
	inferred   2 Adder/Subtractor(s).
	inferred  20 D-type flip-flop(s).
	inferred   1 Comparator(s).
	inferred   1 Multiplexer(s).
Unit <baud_freq_div> synthesized.

Synthesizing Unit <reciver>.
    Related source file is "/home/rtrk/Workspace/BSc_workspace/Bachelor_work/UART_communication/reciver.vhd".
        DATA_WIDTH = 8
        START_TC_PERIOD = 8
        TC_PERIOD = 16
        DATA_CNT_WIDTH = 3
        TC_CNT_WIDTH = 4
        DATA_BIT_SEL = 2
    Found 3-bit register for signal <sDATA_BIT_REG>.
    Found 4-bit register for signal <sTC_CNT>.
    Found 3-bit register for signal <sDATA_CNT>.
    Found 3-bit register for signal <sCURRENT_STATE>.
    Found 9-bit register for signal <sSHW_REG>.
    Found finite state machine <FSM_0> for signal <sCURRENT_STATE>.
    -----------------------------------------------------------------------
    | States             | 5                                              |
    | Transitions        | 12                                             |
    | Inputs             | 5                                              |
    | Outputs            | 6                                              |
    | Clock              | iCLK (rising_edge)                             |
    | Reset              | inRST (negative)                               |
    | Reset type         | asynchronous                                   |
    | Reset State        | idle                                           |
    | Power Up State     | idle                                           |
    | Encoding           | auto                                           |
    | Implementation     | LUT                                            |
    -----------------------------------------------------------------------
    Found 4-bit adder for signal <sTC_CNT[3]_GND_10_o_add_15_OUT> created at line 1241.
    Found 3-bit adder for signal <sDATA_CNT[2]_GND_10_o_add_22_OUT> created at line 1241.
    Found 4x3-bit Read Only RAM for signal <sDATA_BIT>
    Found 3-bit comparator equal for signal <sDATA_CNT[2]_sDATA_BIT_REG[2]_equal_22_o> created at line 218
    Summary:
	inferred   1 RAM(s).
	inferred   2 Adder/Subtractor(s).
	inferred  19 D-type flip-flop(s).
	inferred   1 Comparator(s).
	inferred  20 Multiplexer(s).
	inferred   1 Finite State Machine(s).
Unit <reciver> synthesized.

Synthesizing Unit <fifo>.
    Related source file is "/home/rtrk/Workspace/BSc_workspace/Bachelor_work/UART_communication/fifo.vhd".
        DATA_WIDTH = 8
        NUM_OF_WORDS = 16
    Found 8-bit register for signal <sFIFO<14>>.
    Found 8-bit register for signal <sFIFO<13>>.
    Found 8-bit register for signal <sFIFO<12>>.
    Found 8-bit register for signal <sFIFO<11>>.
    Found 8-bit register for signal <sFIFO<10>>.
    Found 8-bit register for signal <sFIFO<9>>.
    Found 8-bit register for signal <sFIFO<8>>.
    Found 8-bit register for signal <sFIFO<7>>.
    Found 8-bit register for signal <sFIFO<6>>.
    Found 8-bit register for signal <sFIFO<5>>.
    Found 8-bit register for signal <sFIFO<4>>.
    Found 8-bit register for signal <sFIFO<3>>.
    Found 8-bit register for signal <sFIFO<2>>.
    Found 8-bit register for signal <sFIFO<1>>.
    Found 8-bit register for signal <sFIFO<0>>.
    Found 8-bit register for signal <sFIFO<15>>.
    Found 4-bit register for signal <sWR_PTR>.
    Found 4-bit adder for signal <sWR_PTR[3]_GND_13_o_add_65_OUT> created at line 86.
    Found 4-bit subtractor for signal <GND_13_o_GND_13_o_sub_67_OUT<3:0>> created at line 88.
    Found 1-bit tristate buffer for signal <oDATA<7>> created at line 98
    Found 1-bit tristate buffer for signal <oDATA<6>> created at line 98
    Found 1-bit tristate buffer for signal <oDATA<5>> created at line 98
    Found 1-bit tristate buffer for signal <oDATA<4>> created at line 98
    Found 1-bit tristate buffer for signal <oDATA<3>> created at line 98
    Found 1-bit tristate buffer for signal <oDATA<2>> created at line 98
    Found 1-bit tristate buffer for signal <oDATA<1>> created at line 98
    Found 1-bit tristate buffer for signal <oDATA<0>> created at line 98
    Summary:
	inferred   1 Adder/Subtractor(s).
	inferred 132 D-type flip-flop(s).
	inferred  15 Multiplexer(s).
	inferred   8 Tristate(s).
Unit <fifo> synthesized.

Synthesizing Unit <transmitter>.
    Related source file is "/home/rtrk/Workspace/BSc_workspace/Bachelor_work/UART_communication/transmitter.vhd".
        DATA_WIDTH = 8
        TC_PERIOD = 16
        DATA_CNT_WIDTH = 3
        TC_CNT_WIDTH = 4
        DATA_BIT_SEL = 2
    Found 3-bit register for signal <sDATA_BIT_REG>.
    Found 4-bit register for signal <sTC_CNT>.
    Found 3-bit register for signal <sDATA_CNT>.
    Found 3-bit register for signal <sCURRENT_STATE>.
    Found 8-bit register for signal <sSHW_REG>.
    Found 8-bit register for signal <sPARITY_REG>.
    Found finite state machine <FSM_1> for signal <sCURRENT_STATE>.
    -----------------------------------------------------------------------
    | States             | 6                                              |
    | Transitions        | 15                                             |
    | Inputs             | 6                                              |
    | Outputs            | 6                                              |
    | Clock              | iCLK (rising_edge)                             |
    | Reset              | inRST (negative)                               |
    | Reset type         | asynchronous                                   |
    | Reset State        | idle                                           |
    | Power Up State     | idle                                           |
    | Encoding           | auto                                           |
    | Implementation     | LUT                                            |
    -----------------------------------------------------------------------
    Found 4-bit adder for signal <sTC_CNT[3]_GND_22_o_add_19_OUT> created at line 1241.
    Found 3-bit adder for signal <sDATA_CNT[2]_GND_22_o_add_25_OUT> created at line 1241.
    Found 4x3-bit Read Only RAM for signal <sDATA_BIT>
    Found 3-bit comparator equal for signal <sDATA_CNT[2]_sDATA_BIT_REG[2]_equal_25_o> created at line 230
    Summary:
	inferred   1 RAM(s).
	inferred   2 Adder/Subtractor(s).
	inferred  26 D-type flip-flop(s).
	inferred   1 Comparator(s).
	inferred  18 Multiplexer(s).
	inferred   1 Finite State Machine(s).
Unit <transmitter> synthesized.

Synthesizing Unit <i2c_bus>.
    Related source file is "/home/rtrk/Workspace/BSc_workspace/Bachelor_work/I2C_bus/i2c_bus.vhd".
        DATA_WIDTH = 8
    Summary:
	no macro.
Unit <i2c_bus> synthesized.

Synthesizing Unit <uart_i2c_master>.
    Related source file is "/home/rtrk/Workspace/BSc_workspace/Bachelor_work/I2C_bus/uart_i2c_master.vhd".
        REGISTER_NUM = 4
        DATA_BYTE_NUM = 2
        START_PERIOD = 5
        TC_PERIOD = 13
        TR_PERIOD = 17
        REGISTER_SEL_WIDTH = 2
        DATA_WIDTH = 8
        DATA_CNT_WIDTH = 4
        START_CNT_WIDTH = 3
        BYTE_CNT_WIDTH = 2
        TR_PERIOD_CNT_WIDTH = 5
        PERIOD_CNT_WIDTH = 4
    Found 4-bit register for signal <sDATA_CNT>.
    Found 4-bit register for signal <sPERIOD_CNT>.
    Found 2-bit register for signal <sBYTE_CNT>.
    Found 3-bit register for signal <sSTART_PERIOD_CNT>.
    Found 5-bit register for signal <sTR_PERIOD_CNT>.
    Found 5-bit register for signal <sCURRENT_STATE>.
    Found 8-bit register for signal <sISHW_REG>.
    Found 8-bit register for signal <sOSHW_REG>.
    Found finite state machine <FSM_2> for signal <sCURRENT_STATE>.
    -----------------------------------------------------------------------
    | States             | 26                                             |
    | Transitions        | 55                                             |
    | Inputs             | 8                                              |
    | Outputs            | 21                                             |
    | Clock              | iCLK (rising_edge)                             |
    | Reset              | inRST (negative)                               |
    | Reset type         | asynchronous                                   |
    | Reset State        | idle                                           |
    | Power Up State     | idle                                           |
    | Encoding           | auto                                           |
    | Implementation     | LUT                                            |
    -----------------------------------------------------------------------
    Found 4-bit adder for signal <sDATA_CNT[3]_GND_26_o_add_71_OUT> created at line 1241.
    Found 2-bit adder for signal <sBYTE_CNT[1]_GND_26_o_add_76_OUT> created at line 1241.
    Found 3-bit adder for signal <sSTART_PERIOD_CNT[2]_GND_26_o_add_81_OUT> created at line 1241.
    Found 4-bit adder for signal <sPERIOD_CNT[3]_GND_26_o_add_87_OUT> created at line 1241.
    Found 5-bit adder for signal <sTR_PERIOD_CNT[4]_GND_26_o_add_93_OUT> created at line 1241.
    Found 8-bit 4-to-1 multiplexer for signal <sREG_MUX> created at line 1391.
    Found 8-bit 4-to-1 multiplexer for signal <sOUART_REG_MUX> created at line 1406.
    Found 1-bit tristate buffer for signal <sSDA_IN> created at line 1442
    Found 1-bit tristate buffer for signal <ioSDA> created at line 1446
    Found 5-bit comparator greater for signal <sTR_PERIOD_CNT[4]_GND_26_o_LessThan_38_o> created at line 907
    Summary:
	inferred   5 Adder/Subtractor(s).
	inferred  34 D-type flip-flop(s).
	inferred   1 Comparator(s).
	inferred  38 Multiplexer(s).
	inferred   2 Tristate(s).
	inferred   1 Finite State Machine(s).
Unit <uart_i2c_master> synthesized.

Synthesizing Unit <reg>.
    Related source file is "/home/rtrk/Workspace/BSc_workspace/Bachelor_work/I2C_bus/reg.vhd".
        DATA_WIDTH = 8
    Found 8-bit register for signal <sREG>.
    Summary:
	inferred   8 D-type flip-flop(s).
Unit <reg> synthesized.

Synthesizing Unit <rising_edge_det>.
    Related source file is "/home/rtrk/Workspace/BSc_workspace/Bachelor_work/I2C_bus/rising_edge_det.vhd".
    Found 2-bit register for signal <sCURRENT_STATE>.
    Found finite state machine <FSM_3> for signal <sCURRENT_STATE>.
    -----------------------------------------------------------------------
    | States             | 3                                              |
    | Transitions        | 6                                              |
    | Inputs             | 1                                              |
    | Outputs            | 1                                              |
    | Clock              | iCLK (rising_edge)                             |
    | Reset              | inRST (negative)                               |
    | Reset type         | asynchronous                                   |
    | Reset State        | idle                                           |
    | Power Up State     | idle                                           |
    | Encoding           | auto                                           |
    | Implementation     | LUT                                            |
    -----------------------------------------------------------------------
    Summary:
	inferred   1 Finite State Machine(s).
Unit <rising_edge_det> synthesized.

Synthesizing Unit <scl_gen>.
    Related source file is "/home/rtrk/Workspace/BSc_workspace/Bachelor_work/I2C_bus/scl_gen.vhd".
        PERIOD_CNT_WIDHT = 4
        SCL_CLOCK_PERIOD = 9
    Found 1-bit register for signal <sSCL>.
    Found 4-bit register for signal <sPER_CNT>.
    Found 4-bit adder for signal <sPER_CNT[3]_GND_30_o_add_1_OUT> created at line 1241.
    Summary:
	inferred   1 Adder/Subtractor(s).
	inferred   5 D-type flip-flop(s).
	inferred   2 Multiplexer(s).
Unit <scl_gen> synthesized.

Synthesizing Unit <i2c_slave>.
    Related source file is "/home/rtrk/Workspace/BSc_workspace/Bachelor_work/I2C_bus/i2c_slave.vhd".
        REGISTER_NUM = 16
        TC_PERIOD = 13
        TR_PERIOD = 17
        REP_START_PERIOD = 9
        DATA_WIDTH = 8
        DATA_CNT_WIDTH = 4
        PERIOD_CNT_WIDTH = 4
        RSTART_PERIOD_CNT_WIDTH = 4
        TR_PERIOD_CNT_WIDTH = 5
        REGISTER_SEL_WIDTH = 4
        SLAVE_ADDRESS = "1111101"
    Found 1-bit register for signal <sBYTE_CNT>.
    Found 1-bit register for signal <sMODE_FF>.
    Found 4-bit register for signal <sADDR_REG>.
    Found 4-bit register for signal <sCURRENT_STATE>.
    Found 4-bit register for signal <sDATA_CNT>.
    Found 4-bit register for signal <sPERIOD_CNT>.
    Found 4-bit register for signal <sRSTART_PERIOD_CNT>.
    Found 5-bit register for signal <sTR_PERIOD_CNT>.
    Found 8-bit register for signal <sISHW_REG>.
    Found 8-bit register for signal <sOSHW_REG>.
    Found finite state machine <FSM_4> for signal <sCURRENT_STATE>.
    -----------------------------------------------------------------------
    | States             | 13                                             |
    | Transitions        | 36                                             |
    | Inputs             | 10                                             |
    | Outputs            | 13                                             |
    | Clock              | iCLK (rising_edge)                             |
    | Reset              | inRST (negative)                               |
    | Reset type         | asynchronous                                   |
    | Reset State        | idle                                           |
    | Power Up State     | idle                                           |
    | Encoding           | auto                                           |
    | Implementation     | LUT                                            |
    -----------------------------------------------------------------------
    Found 4-bit adder for signal <sDATA_CNT[3]_GND_34_o_add_50_OUT> created at line 1241.
    Found 1-bit adder for signal <sBYTE_CNT[0]_PWR_23_o_add_54_OUT<0>> created at line 647.
    Found 4-bit adder for signal <sPERIOD_CNT[3]_GND_34_o_add_56_OUT> created at line 1241.
    Found 4-bit adder for signal <sRSTART_PERIOD_CNT[3]_GND_34_o_add_62_OUT> created at line 1241.
    Found 5-bit adder for signal <sTR_PERIOD_CNT[4]_GND_34_o_add_68_OUT> created at line 1241.
    Found 16-bit 16-to-1 multiplexer for signal <sREG_MUX> created at line 733.
    Found 1-bit tristate buffer for signal <sSDA_IN> created at line 810
    Found 1-bit tristate buffer for signal <ioSDA> created at line 813
    Found 8-bit comparator greater for signal <sREGISTER_ADDRESS_OK> created at line 798
    Summary:
	inferred   5 Adder/Subtractor(s).
	inferred  39 D-type flip-flop(s).
	inferred   1 Comparator(s).
	inferred  65 Multiplexer(s).
	inferred   2 Tristate(s).
	inferred   1 Finite State Machine(s).
Unit <i2c_slave> synthesized.

Synthesizing Unit <slave_reg>.
    Related source file is "/home/rtrk/Workspace/BSc_workspace/Bachelor_work/I2C_bus/slave_reg.vhd".
        DATA_WIDTH = 8
    Found 16-bit register for signal <sREG>.
    Summary:
	inferred  16 D-type flip-flop(s).
	inferred   1 Multiplexer(s).
Unit <slave_reg> synthesized.

Synthesizing Unit <falling_edge_det>.
    Related source file is "/home/rtrk/Workspace/BSc_workspace/Bachelor_work/I2C_bus/falling_edge_det.vhd".
    Found 2-bit register for signal <sCURRENT_STATE>.
    Found finite state machine <FSM_5> for signal <sCURRENT_STATE>.
    -----------------------------------------------------------------------
    | States             | 4                                              |
    | Transitions        | 7                                              |
    | Inputs             | 1                                              |
    | Outputs            | 1                                              |
    | Clock              | iCLK (rising_edge)                             |
    | Reset              | inRST (negative)                               |
    | Reset type         | asynchronous                                   |
    | Reset State        | idle                                           |
    | Power Up State     | idle                                           |
    | Encoding           | auto                                           |
    | Implementation     | LUT                                            |
    -----------------------------------------------------------------------
    Summary:
	inferred   1 Finite State Machine(s).
Unit <falling_edge_det> synthesized.

Synthesizing Unit <i2c_clk_freq_div>.
    Related source file is "/home/rtrk/Workspace/BSc_workspace/Bachelor_work/I2C_bus/i2c_clk_freq_div.vhd".
        CLK_FREQUENCY = 24000000
        CLK_CNT_WIDTH = 4
    Found 4-bit register for signal <sCLK_CNT>.
    Found 4-bit adder for signal <sCLK_CNT[3]_GND_39_o_add_1_OUT> created at line 1241.
    Summary:
	inferred   1 Adder/Subtractor(s).
	inferred   4 D-type flip-flop(s).
	inferred   1 Multiplexer(s).
Unit <i2c_clk_freq_div> synthesized.

=========================================================================
HDL Synthesis Report

Macro Statistics
# RAMs                                                 : 3
 4x3-bit single-port Read Only RAM                     : 2
 8x10-bit single-port Read Only RAM                    : 1
# Adders/Subtractors                                   : 20
 1-bit adder                                           : 1
 10-bit adder                                          : 1
 10-bit subtractor                                     : 1
 2-bit adder                                           : 1
 3-bit adder                                           : 3
 4-bit adder                                           : 9
 4-bit addsub                                          : 2
 5-bit adder                                           : 2
# Registers                                            : 86
 1-bit register                                        : 3
 10-bit register                                       : 2
 16-bit register                                       : 16
 2-bit register                                        : 1
 3-bit register                                        : 5
 4-bit register                                        : 12
 5-bit register                                        : 2
 8-bit register                                        : 44
 9-bit register                                        : 1
# Comparators                                          : 5
 10-bit comparator equal                               : 1
 3-bit comparator equal                                : 2
 5-bit comparator greater                              : 1
 8-bit comparator greater                              : 1
# Multiplexers                                         : 191
 1-bit 2-to-1 multiplexer                              : 104
 10-bit 2-to-1 multiplexer                             : 1
 16-bit 16-to-1 multiplexer                            : 1
 16-bit 2-to-1 multiplexer                             : 17
 2-bit 2-to-1 multiplexer                              : 6
 3-bit 2-to-1 multiplexer                              : 3
 4-bit 2-to-1 multiplexer                              : 12
 5-bit 2-to-1 multiplexer                              : 2
 8-bit 2-to-1 multiplexer                              : 43
 8-bit 4-to-1 multiplexer                              : 2
# Tristates                                            : 20
 1-bit tristate buffer                                 : 20
# FSMs                                                 : 8
# Xors                                                 : 14
 1-bit xor2                                            : 11
 1-bit xor4                                            : 1
 1-bit xor5                                            : 2

=========================================================================
INFO:Xst:1767 - HDL ADVISOR - Resource sharing has identified that some arithmetic operations in this design can share the same physical resources for reduced device utilization. For improved clock frequency you may try to disable resource sharing.

=========================================================================
*                       Advanced HDL Synthesis                          *
=========================================================================


Synthesizing (advanced) Unit <baud_freq_div>.
The following registers are absorbed into counter <sCLK_CNT>: 1 register on signal <sCLK_CNT>.
INFO:Xst:3217 - HDL ADVISOR - Register <sBAUD_RATE_REG> currently described with an asynchronous reset, could be combined with distributed RAM <Mram_sBAUD_RATE> for implementation on block RAM resources if you made this reset synchronous instead.
    -----------------------------------------------------------------------
    | ram_type           | Distributed                         |          |
    -----------------------------------------------------------------------
    | Port A                                                              |
    |     aspect ratio   | 8-word x 10-bit                     |          |
    |     weA            | connected to signal <GND>           | high     |
    |     addrA          | connected to signal <iBAUD_SEL>     |          |
    |     diA            | connected to signal <GND>           |          |
    |     doA            | connected to signal <sBAUD_RATE>    |          |
    -----------------------------------------------------------------------
Unit <baud_freq_div> synthesized (advanced).

Synthesizing (advanced) Unit <fifo>.
The following registers are absorbed into counter <sWR_PTR>: 1 register on signal <sWR_PTR>.
Unit <fifo> synthesized (advanced).

Synthesizing (advanced) Unit <i2c_clk_freq_div>.
The following registers are absorbed into counter <sCLK_CNT>: 1 register on signal <sCLK_CNT>.
Unit <i2c_clk_freq_div> synthesized (advanced).

Synthesizing (advanced) Unit <i2c_slave>.
The following registers are absorbed into counter <sBYTE_CNT_0>: 1 register on signal <sBYTE_CNT_0>.
The following registers are absorbed into counter <sDATA_CNT>: 1 register on signal <sDATA_CNT>.
The following registers are absorbed into counter <sPERIOD_CNT>: 1 register on signal <sPERIOD_CNT>.
The following registers are absorbed into counter <sRSTART_PERIOD_CNT>: 1 register on signal <sRSTART_PERIOD_CNT>.
The following registers are absorbed into counter <sTR_PERIOD_CNT>: 1 register on signal <sTR_PERIOD_CNT>.
Unit <i2c_slave> synthesized (advanced).

Synthesizing (advanced) Unit <reciver>.
The following registers are absorbed into counter <sTC_CNT>: 1 register on signal <sTC_CNT>.
The following registers are absorbed into counter <sDATA_CNT>: 1 register on signal <sDATA_CNT>.
INFO:Xst:3217 - HDL ADVISOR - Register <sDATA_BIT_REG> currently described with an asynchronous reset, could be combined with distributed RAM <Mram_sDATA_BIT> for implementation on block RAM resources if you made this reset synchronous instead.
    -----------------------------------------------------------------------
    | ram_type           | Distributed                         |          |
    -----------------------------------------------------------------------
    | Port A                                                              |
    |     aspect ratio   | 4-word x 3-bit                      |          |
    |     weA            | connected to signal <GND>           | high     |
    |     addrA          | connected to signal <iDATA_SEL>     |          |
    |     diA            | connected to signal <GND>           |          |
    |     doA            | connected to signal <sDATA_BIT>     |          |
    -----------------------------------------------------------------------
Unit <reciver> synthesized (advanced).

Synthesizing (advanced) Unit <scl_gen>.
The following registers are absorbed into counter <sPER_CNT>: 1 register on signal <sPER_CNT>.
Unit <scl_gen> synthesized (advanced).

Synthesizing (advanced) Unit <transmitter>.
The following registers are absorbed into counter <sTC_CNT>: 1 register on signal <sTC_CNT>.
The following registers are absorbed into counter <sDATA_CNT>: 1 register on signal <sDATA_CNT>.
INFO:Xst:3217 - HDL ADVISOR - Register <sDATA_BIT_REG> currently described with an asynchronous reset, could be combined with distributed RAM <Mram_sDATA_BIT> for implementation on block RAM resources if you made this reset synchronous instead.
    -----------------------------------------------------------------------
    | ram_type           | Distributed                         |          |
    -----------------------------------------------------------------------
    | Port A                                                              |
    |     aspect ratio   | 4-word x 3-bit                      |          |
    |     weA            | connected to signal <GND>           | high     |
    |     addrA          | connected to signal <iDATA_SEL>     |          |
    |     diA            | connected to signal <GND>           |          |
    |     doA            | connected to signal <sDATA_BIT>     |          |
    -----------------------------------------------------------------------
Unit <transmitter> synthesized (advanced).

Synthesizing (advanced) Unit <uart_i2c_master>.
The following registers are absorbed into counter <sDATA_CNT>: 1 register on signal <sDATA_CNT>.
The following registers are absorbed into counter <sPERIOD_CNT>: 1 register on signal <sPERIOD_CNT>.
The following registers are absorbed into counter <sBYTE_CNT>: 1 register on signal <sBYTE_CNT>.
The following registers are absorbed into counter <sTR_PERIOD_CNT>: 1 register on signal <sTR_PERIOD_CNT>.
The following registers are absorbed into counter <sSTART_PERIOD_CNT>: 1 register on signal <sSTART_PERIOD_CNT>.
Unit <uart_i2c_master> synthesized (advanced).

=========================================================================
Advanced HDL Synthesis Report

Macro Statistics
# RAMs                                                 : 3
 4x3-bit single-port distributed Read Only RAM         : 2
 8x10-bit single-port distributed Read Only RAM        : 1
# Adders/Subtractors                                   : 1
 10-bit subtractor                                     : 1
# Counters                                             : 19
 1-bit up counter                                      : 1
 10-bit up counter                                     : 1
 2-bit up counter                                      : 1
 3-bit up counter                                      : 3
 4-bit up counter                                      : 9
 4-bit updown counter                                  : 2
 5-bit up counter                                      : 2
# Registers                                            : 639
 Flip-Flops                                            : 639
# Comparators                                          : 5
 10-bit comparator equal                               : 1
 3-bit comparator equal                                : 2
 5-bit comparator greater                              : 1
 8-bit comparator greater                              : 1
# Multiplexers                                         : 186
 1-bit 2-to-1 multiplexer                              : 117
 16-bit 16-to-1 multiplexer                            : 1
 16-bit 2-to-1 multiplexer                             : 17
 2-bit 2-to-1 multiplexer                              : 5
 4-bit 2-to-1 multiplexer                              : 3
 8-bit 2-to-1 multiplexer                              : 41
 8-bit 4-to-1 multiplexer                              : 2
# FSMs                                                 : 8
# Xors                                                 : 14
 1-bit xor2                                            : 11
 1-bit xor4                                            : 1
 1-bit xor5                                            : 2

=========================================================================

=========================================================================
*                         Low Level Synthesis                           *
=========================================================================
Analyzing FSM <MFsm> for best encoding.
Optimizing FSM <eUART/eUART_RECIVER/FSM_0> on signal <sCURRENT_STATE[1:3]> with gray encoding.
--------------------
 State  | Encoding
--------------------
 idle   | 000
 start  | 001
 data   | 011
 parity | 110
 stop   | 010
--------------------
Analyzing FSM <MFsm> for best encoding.
Optimizing FSM <eUART/eUART_TRANSMITTER/FSM_1> on signal <sCURRENT_STATE[1:3]> with user encoding.
-----------------------
 State     | Encoding
-----------------------
 idle      | 000
 handshake | 001
 start     | 010
 data      | 011
 parity    | 100
 stop      | 101
-----------------------
Analyzing FSM <MFsm> for best encoding.
Optimizing FSM <eI2C_BUS/eUART_I2C_MASTER/FSM_2> on signal <sCURRENT_STATE[1:26]> with one-hot encoding.
-----------------------------------------------------------
 State                       | Encoding
-----------------------------------------------------------
 idle                        | 00000000000000000000000001
 uart_start                  | 00000000000000000000000010
 uart_slave_address          | 00000000000000000000000100
 uart_register_address       | 00000000000000000000001000
 uart_byte_lower             | 00000000000000000000010000
 uart_byte_upper             | 00000000000000000001000000
 uart_stop                   | 00000000000000000000100000
 i2c_start                   | 00000000000000000010000000
 i2c_start_period            | 00000000000000000100000000
 i2c_slave_address_write     | 00000000000000001000000000
 i2c_slave_address_ack_write | 00000000000000010000000000
 i2c_slave_address_read      | 00000000000001000000000000
 i2c_slave_address_ack_read  | 00000000000010000000000000
 i2c_register_address        | 00000000000000100000000000
 i2c_register_address_ack    | 00000000001000000000000000
 i2c_repeated_start          | 00000000010000000000000000
 i2c_read_data               | 00000000000100000000000000
 i2c_write_data              | 00000000100000000000000000
 i2c_write_data_ack          | 00000010000000000000000000
 i2c_read_data_ack           | 00000001000000000000000000
 i2c_stop                    | 00000100000000000000000000
 send_i2c_uart_telegram      | 00001000000000000000000000
 send_uart_slave_address     | 00010000000000000000000000
 send_uart_register_address  | 00100000000000000000000000
 send_uart_byte_lower        | 01000000000000000000000000
 send_uart_byte_upper        | 10000000000000000000000000
-----------------------------------------------------------
Analyzing FSM <MFsm> for best encoding.
Optimizing FSM <eI2C_BUS/eUART_I2C_MASTER/FSM_3> on signal <sCURRENT_STATE[1:3]> with one-hot encoding.
-------------------
 State | Encoding
-------------------
 idle  | 001
 edge  | 010
 one   | 100
-------------------
Analyzing FSM <MFsm> for best encoding.
Optimizing FSM <eI2C_BUS/eI2C_SLAVE/FSM_3> on signal <sCURRENT_STATE[1:3]> with one-hot encoding.
Optimizing FSM <eI2C_BUS/eI2C_SLAVE/FSM_3> on signal <sCURRENT_STATE[1:3]> with one-hot encoding.
-------------------
 State | Encoding
-------------------
 idle  | 001
 edge  | 010
 one   | 100
-------------------
Analyzing FSM <MFsm> for best encoding.
Optimizing FSM <eI2C_BUS/eI2C_SLAVE/FSM_5> on signal <sCURRENT_STATE[1:2]> with sequential encoding.
-----------------------
 State     | Encoding
-----------------------
 idle      | 00
 ris_edge  | 01
 one       | 11
 fall_edge | 10
-----------------------
Analyzing FSM <MFsm> for best encoding.
Optimizing FSM <eI2C_BUS/eI2C_SLAVE/FSM_4> on signal <sCURRENT_STATE[1:13]> with one-hot encoding.
----------------------------------------
 State                 | Encoding
----------------------------------------
 idle                  | 0000000000001
 start                 | 0000000000010
 slave_address_mode    | 0000000000100
 slave_address_ack     | 0000000010000
 register_address      | 0000001000000
 register_address_ack  | 0000100000000
 register_address_nack | 0000010000000
 repeated_start        | 0010000000000
 read_data             | 0001000000000
 read_ack              | 0100000000000
 write_data            | 0000000100000
 write_ack             | 1000000000000
 stop                  | 0000000001000
----------------------------------------
WARNING:Xst:1710 - FF/Latch <sDATA_BIT_REG_2> (without init value) has a constant value of 1 in block <reciver>. This FF/Latch will be trimmed during the optimization process.
WARNING:Xst:1710 - FF/Latch <sDATA_BIT_REG_2> (without init value) has a constant value of 1 in block <transmitter>. This FF/Latch will be trimmed during the optimization process.
WARNING:Xst:2042 - Unit i2c_slave: 2 internal tristates are replaced by logic (pull-up yes): ioSDA, sSDA_IN.
WARNING:Xst:2042 - Unit uart_i2c_master: 2 internal tristates are replaced by logic (pull-up yes): ioSDA, sSDA_IN.
WARNING:Xst:2042 - Unit fifo: 8 internal tristates are replaced by logic (pull-up yes): oDATA<0>, oDATA<1>, oDATA<2>, oDATA<3>, oDATA<4>, oDATA<5>, oDATA<6>, oDATA<7>.
INFO:Xst:2261 - The FF/Latch <eI2C_BUS/eUART_I2C_MASTER/eSCL_EDGE_DET/sCURRENT_STATE_FSM_FFd3> in Unit <i2c_via_uart> is equivalent to the following FF/Latch, which will be removed : <eI2C_BUS/eI2C_SLAVE/eSCL_REDGE_DET/sCURRENT_STATE_FSM_FFd3> 

Optimizing unit <i2c_via_uart> ...
INFO:Xst:2261 - The FF/Latch <eI2C_BUS/eUART_I2C_MASTER/eSCL_EDGE_DET/sCURRENT_STATE_FSM_FFd2> in Unit <i2c_via_uart> is equivalent to the following FF/Latch, which will be removed : <eI2C_BUS/eI2C_SLAVE/eSCL_REDGE_DET/sCURRENT_STATE_FSM_FFd2> 

Optimizing unit <reciver> ...

Optimizing unit <transmitter> ...

Optimizing unit <baud_freq_div> ...

Optimizing unit <fifo> ...

Optimizing unit <reg> ...

Optimizing unit <scl_gen> ...

Mapping all equations...
Building and optimizing final netlist ...
Found area constraint ratio of 100 (+ 5) on block i2c_via_uart, actual ratio is 5.
FlipFlop eI2C_BUS/eI2C_SLAVE/sADDR_REG_0 has been replicated 1 time(s)
FlipFlop eI2C_BUS/eI2C_SLAVE/sADDR_REG_1 has been replicated 1 time(s)
FlipFlop eI2C_BUS/eI2C_SLAVE/sADDR_REG_2 has been replicated 1 time(s)
FlipFlop eI2C_BUS/eI2C_SLAVE/sADDR_REG_3 has been replicated 1 time(s)
FlipFlop eI2C_BUS/eI2C_SLAVE/sCURRENT_STATE_FSM_FFd1 has been replicated 1 time(s)
FlipFlop eI2C_BUS/eI2C_SLAVE/sMODE_FF has been replicated 1 time(s)
FlipFlop eUART/eRECV_FIFO/sWR_PTR_2 has been replicated 1 time(s)
FlipFlop eUART/eUART_RECIVER/sDATA_BIT_REG_1 has been replicated 1 time(s)
INFO:Xst:1843 - HDL ADVISOR - FlipFlop eUART/eUART_RECIVER/sDATA_BIT_REG_1 connected to a primary input has been replicated

Final Macro Processing ...

=========================================================================
Final Register Report

Macro Statistics
# Registers                                            : 772
 Flip-Flops                                            : 772

=========================================================================

=========================================================================
*                           Partition Report                            *
=========================================================================

Partition Implementation Status
-------------------------------

  No Partitions were found in this design.

-------------------------------

=========================================================================
*                            Design Summary                             *
=========================================================================

Top Level Output File Name         : i2c_via_uart.ngc

Primitive and Black Box Usage:
------------------------------
# BELS                             : 1118
#      GND                         : 1
#      INV                         : 5
#      LUT2                        : 34
#      LUT3                        : 330
#      LUT4                        : 70
#      LUT5                        : 177
#      LUT6                        : 478
#      MUXCY                       : 9
#      MUXF7                       : 3
#      VCC                         : 1
#      XORCY                       : 10
# FlipFlops/Latches                : 772
#      FDC                         : 96
#      FDCE                        : 662
#      FDP                         : 5
#      FDPE                        : 9
# Clock Buffers                    : 1
#      BUFGP                       : 1
# IO Buffers                       : 13
#      IBUF                        : 11
#      OBUF                        : 2

Device utilization summary:
---------------------------

Selected Device : 6slx45fgg676-2 


Slice Logic Utilization: 
 Number of Slice Registers:             772  out of  54576     1%  
 Number of Slice LUTs:                 1094  out of  27288     4%  
    Number used as Logic:              1094  out of  27288     4%  

Slice Logic Distribution: 
 Number of LUT Flip Flop pairs used:   1164
   Number with an unused Flip Flop:     392  out of   1164    33%  
   Number with an unused LUT:            70  out of   1164     6%  
   Number of fully used LUT-FF pairs:   702  out of   1164    60%  
   Number of unique control sets:        81

IO Utilization: 
 Number of IOs:                          14
 Number of bonded IOBs:                  14  out of    358     3%  

Specific Feature Utilization:
 Number of BUFG/BUFGCTRLs:                1  out of     16     6%  

---------------------------
Partition Resource Summary:
---------------------------

  No Partitions were found in this design.

---------------------------


=========================================================================
Timing Report

NOTE: THESE TIMING NUMBERS ARE ONLY A SYNTHESIS ESTIMATE.
      FOR ACCURATE TIMING INFORMATION PLEASE REFER TO THE TRACE REPORT
      GENERATED AFTER PLACE-and-ROUTE.

Clock Information:
------------------
-----------------------------------+------------------------+-------+
Clock Signal                       | Clock buffer(FF name)  | Load  |
-----------------------------------+------------------------+-------+
iCLK                               | BUFGP                  | 772   |
-----------------------------------+------------------------+-------+

Asynchronous Control Signals Information:
----------------------------------------
No asynchronous control signals found in this design

Timing Summary:
---------------
Speed Grade: -2

   Minimum period: 7.048ns (Maximum Frequency: 141.884MHz)
   Minimum input arrival time before clock: 5.784ns
   Maximum output required time after clock: 9.067ns
   Maximum combinational path delay: 6.331ns

Timing Details:
---------------
All values displayed in nanoseconds (ns)

=========================================================================
Timing constraint: Default period analysis for Clock 'iCLK'
  Clock period: 7.048ns (frequency: 141.884MHz)
  Total number of paths / destination ports: 28578 / 1427
-------------------------------------------------------------------------
Delay:               7.048ns (Levels of Logic = 5)
  Source:            eI2C_BUS/eI2C_SLAVE/sCURRENT_STATE_FSM_FFd5 (FF)
  Destination:       eI2C_BUS/eI2C_SLAVE/sOSHW_REG_7 (FF)
  Source Clock:      iCLK rising
  Destination Clock: iCLK rising

  Data Path: eI2C_BUS/eI2C_SLAVE/sCURRENT_STATE_FSM_FFd5 to eI2C_BUS/eI2C_SLAVE/sOSHW_REG_7
                                Gate     Net
    Cell:in->out      fanout   Delay   Delay  Logical Name (Net Name)
    ----------------------------------------  ------------
     FDC:C->Q             12   0.525   1.297  eI2C_BUS/eI2C_SLAVE/sCURRENT_STATE_FSM_FFd5 (eI2C_BUS/eI2C_SLAVE/sCURRENT_STATE_FSM_FFd5)
     LUT6:I3->O            3   0.235   0.766  eI2C_BUS/eI2C_SLAVE/sCURRENT_STATE_sREG_MUX<0>1331 (eI2C_BUS/eI2C_SLAVE/sCURRENT_STATE_sREG_MUX<0>133)
     LUT3:I2->O           16   0.254   1.410  eI2C_BUS/eI2C_SLAVE/sCURRENT_STATE_sREG_MUX<0>61 (eI2C_BUS/eI2C_SLAVE/sCURRENT_STATE_sREG_MUX<0>6)
     LUT6:I3->O            1   0.235   0.958  eI2C_BUS/eI2C_SLAVE/Mmux_sOSHW_REG[7]_sREG_BYTE_MUX[7]_mux_76_OUT72 (eI2C_BUS/eI2C_SLAVE/Mmux_sOSHW_REG[7]_sREG_BYTE_MUX[7]_mux_76_OUT71)
     LUT6:I2->O            1   0.254   0.790  eI2C_BUS/eI2C_SLAVE/Mmux_sOSHW_REG[7]_sREG_BYTE_MUX[7]_mux_76_OUT77 (eI2C_BUS/eI2C_SLAVE/Mmux_sOSHW_REG[7]_sREG_BYTE_MUX[7]_mux_76_OUT76)
     LUT5:I3->O            1   0.250   0.000  eI2C_BUS/eI2C_SLAVE/Mmux_sOSHW_REG[7]_sREG_BYTE_MUX[7]_mux_76_OUT715 (eI2C_BUS/eI2C_SLAVE/sOSHW_REG[7]_sREG_BYTE_MUX[7]_mux_76_OUT<1>)
     FDCE:D                    0.074          eI2C_BUS/eI2C_SLAVE/sOSHW_REG_1
    ----------------------------------------
    Total                      7.048ns (1.827ns logic, 5.221ns route)
                                       (25.9% logic, 74.1% route)

=========================================================================
Timing constraint: Default OFFSET IN BEFORE for Clock 'iCLK'
  Total number of paths / destination ports: 1278 / 920
-------------------------------------------------------------------------
Offset:              5.784ns (Levels of Logic = 4)
  Source:            iPARITY_SW (PAD)
  Destination:       eUART/eRECV_FIFO/sFIFO_0_5 (FF)
  Destination Clock: iCLK rising

  Data Path: iPARITY_SW to eUART/eRECV_FIFO/sFIFO_0_5
                                Gate     Net
    Cell:in->out      fanout   Delay   Delay  Logical Name (Net Name)
    ----------------------------------------  ------------
     IBUF:I->O             2   1.328   1.002  iPARITY_SW_IBUF (iPARITY_SW_IBUF)
     LUT4:I0->O           13   0.254   1.098  eUART/eUART_RECIVER/Mmux_sPARITY_OK_2_f7 (eUART/eUART_RECIVER/sPARITY_OK)
     LUT6:I5->O           32   0.254   1.520  eUART/eUART_RECIVER/oDATA<3>2 (eUART/eUART_RECIVER/oDATA<3>1)
     LUT3:I2->O            1   0.254   0.000  eUART/eUART_RECIVER/oDATA<5>3 (eUART/sRECV_DATA<5>)
     FDCE:D                    0.074          eUART/eRECV_FIFO/sFIFO_15_5
    ----------------------------------------
    Total                      5.784ns (2.164ns logic, 3.620ns route)
                                       (37.4% logic, 62.6% route)

=========================================================================
Timing constraint: Default OFFSET OUT AFTER for Clock 'iCLK'
  Total number of paths / destination ports: 32 / 1
-------------------------------------------------------------------------
Offset:              9.067ns (Levels of Logic = 5)
  Source:            eUART/eUART_TRANSMITTER/sPARITY_REG_6 (FF)
  Destination:       oTX (PAD)
  Source Clock:      iCLK rising

  Data Path: eUART/eUART_TRANSMITTER/sPARITY_REG_6 to oTX
                                Gate     Net
    Cell:in->out      fanout   Delay   Delay  Logical Name (Net Name)
    ----------------------------------------  ------------
     FDCE:C->Q             2   0.525   1.181  eUART/eUART_TRANSMITTER/sPARITY_REG_6 (eUART/eUART_TRANSMITTER/sPARITY_REG_6)
     LUT6:I0->O            1   0.254   1.112  eUART/eUART_TRANSMITTER/oTX2 (eUART/eUART_TRANSMITTER/oTX1)
     LUT5:I0->O            1   0.254   0.682  eUART/eUART_TRANSMITTER/oTX3 (eUART/eUART_TRANSMITTER/oTX2)
     LUT6:I5->O            1   0.254   0.958  eUART/eUART_TRANSMITTER/oTX4 (eUART/eUART_TRANSMITTER/oTX3)
     LUT6:I2->O            1   0.254   0.681  eUART/eUART_TRANSMITTER/oTX5 (oTX_OBUF)
     OBUF:I->O                 2.912          oTX_OBUF (oTX)
    ----------------------------------------
    Total                      9.067ns (4.453ns logic, 4.614ns route)
                                       (49.1% logic, 50.9% route)

=========================================================================
Timing constraint: Default path analysis
  Total number of paths / destination ports: 1 / 1
-------------------------------------------------------------------------
Delay:               6.331ns (Levels of Logic = 3)
  Source:            iPARITY_SW (PAD)
  Destination:       oTX (PAD)

  Data Path: iPARITY_SW to oTX
                                Gate     Net
    Cell:in->out      fanout   Delay   Delay  Logical Name (Net Name)
    ----------------------------------------  ------------
     IBUF:I->O             2   1.328   1.156  iPARITY_SW_IBUF (iPARITY_SW_IBUF)
     LUT6:I1->O            1   0.254   0.681  eUART/eUART_TRANSMITTER/oTX5 (oTX_OBUF)
     OBUF:I->O                 2.912          oTX_OBUF (oTX)
    ----------------------------------------
    Total                      6.331ns (4.494ns logic, 1.837ns route)
                                       (71.0% logic, 29.0% route)

=========================================================================

Cross Clock Domains Report:
--------------------------

Clock to Setup on destination clock iCLK
---------------+---------+---------+---------+---------+
               | Src:Rise| Src:Fall| Src:Rise| Src:Fall|
Source Clock   |Dest:Rise|Dest:Rise|Dest:Fall|Dest:Fall|
---------------+---------+---------+---------+---------+
iCLK           |    7.048|         |         |         |
---------------+---------+---------+---------+---------+

=========================================================================


Total REAL time to Xst completion: 8.00 secs
Total CPU time to Xst completion: 7.34 secs
 
--> 


Total memory usage is 397088 kilobytes

Number of errors   :    0 (   0 filtered)
Number of warnings :    5 (   0 filtered)
Number of infos    :    7 (   0 filtered)

