--------------------------------------------------------------------------------
Release 14.6 Trace  (nt)
Copyright (c) 1995-2013 Xilinx, Inc.  All rights reserved.

C:\Xilinx\14.6\ISE_DS\ISE\bin\nt\unwrapped\trce.exe -intstyle ise -v 3 -s 2 -n
3 -fastpaths -xml lcd_driver.twx lcd_driver.ncd -o lcd_driver.twr
lcd_driver.pcf -ucf lcd_pins.ucf

Design file:              lcd_driver.ncd
Physical constraint file: lcd_driver.pcf
Device,package,speed:     xc6slx45,fgg676,C,-2 (PRODUCTION 1.23 2013-06-08)
Report level:             verbose report

Environment Variable      Effect 
--------------------      ------ 
NONE                      No environment variables were set
--------------------------------------------------------------------------------

INFO:Timing:2698 - No timing constraints found, doing default enumeration.
INFO:Timing:3412 - To improve timing, see the Timing Closure User Guide (UG612).
INFO:Timing:2752 - To get complete path coverage, use the unconstrained paths 
   option. All paths that are not constrained will be reported in the 
   unconstrained paths section(s) of the report.
INFO:Timing:3339 - The clock-to-out numbers in this timing report are based on 
   a 50 Ohm transmission line loading model.  For the details of this model, 
   and for more information on accounting for different loading conditions, 
   please see the device datasheet.



Data Sheet report:
-----------------
All values displayed in nanoseconds (ns)

Setup/Hold to clock iCLK
------------+------------+------------+------------+------------+------------------+--------+
            |Max Setup to|  Process   |Max Hold to |  Process   |                  | Clock  |
Source      | clk (edge) |   Corner   | clk (edge) |   Corner   |Internal Clock(s) | Phase  |
------------+------------+------------+------------+------------+------------------+--------+
inRST       |    3.494(R)|      SLOW  |   -1.053(R)|      SLOW  |iCLK_BUFGP        |   0.000|
ioD<3>      |    5.071(R)|      SLOW  |   -1.699(R)|      FAST  |iCLK_BUFGP        |   0.000|
------------+------------+------------+------------+------------+------------------+--------+

Clock iCLK to Pad
------------+-----------------+------------+-----------------+------------+------------------+--------+
            |Max (slowest) clk|  Process   |Min (fastest) clk|  Process   |                  | Clock  |
Destination |  (edge) to PAD  |   Corner   |  (edge) to PAD  |   Corner   |Internal Clock(s) | Phase  |
------------+-----------------+------------+-----------------+------------+------------------+--------+
ioD<0>      |        14.164(R)|      SLOW  |         5.972(R)|      FAST  |iCLK_BUFGP        |   0.000|
ioD<1>      |        14.301(R)|      SLOW  |         5.514(R)|      FAST  |iCLK_BUFGP        |   0.000|
ioD<2>      |        16.514(R)|      SLOW  |         6.195(R)|      FAST  |iCLK_BUFGP        |   0.000|
ioD<3>      |        12.698(R)|      SLOW  |         5.079(R)|      FAST  |iCLK_BUFGP        |   0.000|
oE          |        14.786(R)|      SLOW  |         6.264(R)|      FAST  |iCLK_BUFGP        |   0.000|
oRW         |        14.422(R)|      SLOW  |         6.180(R)|      FAST  |iCLK_BUFGP        |   0.000|
------------+-----------------+------------+-----------------+------------+------------------+--------+

Clock to Setup on destination clock iCLK
---------------+---------+---------+---------+---------+
               | Src:Rise| Src:Fall| Src:Rise| Src:Fall|
Source Clock   |Dest:Rise|Dest:Rise|Dest:Fall|Dest:Fall|
---------------+---------+---------+---------+---------+
iCLK           |    5.485|         |         |         |
---------------+---------+---------+---------+---------+


Analysis completed Wed Jun 06 13:31:35 2018 
--------------------------------------------------------------------------------

Trace Settings:
-------------------------
Trace Settings 

Peak Memory Usage: 241 MB



