--------------------------------------------------------------------------------
Release 14.6 Trace  (nt)
Copyright (c) 1995-2013 Xilinx, Inc.  All rights reserved.

C:\Xilinx\14.6\ISE_DS\ISE\bin\nt\unwrapped\trce.exe -intstyle ise -v 3 -s 2 -n
3 -fastpaths -xml lcd_driver.twx lcd_driver.ncd -o lcd_driver.twr
lcd_driver.pcf -ucf lcd_pins.ucf

Design file:              lcd_driver.ncd
Physical constraint file: lcd_driver.pcf
Device,package,speed:     xc6slx45,fgg676,C,-2 (PRODUCTION 1.23 2013-06-08)
Report level:             verbose report

Environment Variable      Effect 
--------------------      ------ 
NONE                      No environment variables were set
--------------------------------------------------------------------------------

INFO:Timing:2698 - No timing constraints found, doing default enumeration.
INFO:Timing:3412 - To improve timing, see the Timing Closure User Guide (UG612).
INFO:Timing:2752 - To get complete path coverage, use the unconstrained paths 
   option. All paths that are not constrained will be reported in the 
   unconstrained paths section(s) of the report.
INFO:Timing:3339 - The clock-to-out numbers in this timing report are based on 
   a 50 Ohm transmission line loading model.  For the details of this model, 
   and for more information on accounting for different loading conditions, 
   please see the device datasheet.



Data Sheet report:
-----------------
All values displayed in nanoseconds (ns)

Setup/Hold to clock iCLK
------------+------------+------------+------------+------------+------------------+--------+
            |Max Setup to|  Process   |Max Hold to |  Process   |                  | Clock  |
Source      | clk (edge) |   Corner   | clk (edge) |   Corner   |Internal Clock(s) | Phase  |
------------+------------+------------+------------+------------+------------------+--------+
inRST       |    3.149(R)|      SLOW  |    0.084(R)|      SLOW  |iCLK_BUFGP        |   0.000|
ioD<3>      |    4.218(R)|      SLOW  |   -1.107(R)|      FAST  |iCLK_BUFGP        |   0.000|
------------+------------+------------+------------+------------+------------------+--------+

Clock iCLK to Pad
------------+-----------------+------------+-----------------+------------+------------------+--------+
            |Max (slowest) clk|  Process   |Min (fastest) clk|  Process   |                  | Clock  |
Destination |  (edge) to PAD  |   Corner   |  (edge) to PAD  |   Corner   |Internal Clock(s) | Phase  |
------------+-----------------+------------+-----------------+------------+------------------+--------+
ioD<0>      |        13.252(R)|      SLOW  |         5.245(R)|      FAST  |iCLK_BUFGP        |   0.000|
ioD<1>      |        13.031(R)|      SLOW  |         5.067(R)|      FAST  |iCLK_BUFGP        |   0.000|
ioD<2>      |        15.485(R)|      SLOW  |         6.554(R)|      FAST  |iCLK_BUFGP        |   0.000|
ioD<3>      |        11.671(R)|      SLOW  |         4.548(R)|      FAST  |iCLK_BUFGP        |   0.000|
oE          |        15.113(R)|      SLOW  |         6.336(R)|      FAST  |iCLK_BUFGP        |   0.000|
oLED<0>     |        12.387(R)|      SLOW  |         5.163(R)|      FAST  |iCLK_BUFGP        |   0.000|
oLED<1>     |        13.058(R)|      SLOW  |         5.549(R)|      FAST  |iCLK_BUFGP        |   0.000|
oLED<2>     |        13.975(R)|      SLOW  |         6.030(R)|      FAST  |iCLK_BUFGP        |   0.000|
oLED<3>     |        12.921(R)|      SLOW  |         5.489(R)|      FAST  |iCLK_BUFGP        |   0.000|
oLED<4>     |        12.838(R)|      SLOW  |         5.405(R)|      FAST  |iCLK_BUFGP        |   0.000|
oLED<5>     |        14.382(R)|      SLOW  |         6.250(R)|      FAST  |iCLK_BUFGP        |   0.000|
oLED<6>     |        15.002(R)|      SLOW  |         6.582(R)|      FAST  |iCLK_BUFGP        |   0.000|
oLED<7>     |        15.254(R)|      SLOW  |         6.711(R)|      FAST  |iCLK_BUFGP        |   0.000|
oRS         |        14.318(R)|      SLOW  |         6.094(R)|      FAST  |iCLK_BUFGP        |   0.000|
oRW         |        15.281(R)|      SLOW  |         6.530(R)|      FAST  |iCLK_BUFGP        |   0.000|
------------+-----------------+------------+-----------------+------------+------------------+--------+

Clock to Setup on destination clock iCLK
---------------+---------+---------+---------+---------+
               | Src:Rise| Src:Fall| Src:Rise| Src:Fall|
Source Clock   |Dest:Rise|Dest:Rise|Dest:Fall|Dest:Fall|
---------------+---------+---------+---------+---------+
iCLK           |    5.661|         |         |         |
---------------+---------+---------+---------+---------+


Analysis completed Mon Jun 11 09:44:58 2018 
--------------------------------------------------------------------------------

Trace Settings:
-------------------------
Trace Settings 

Peak Memory Usage: 240 MB



